******************************************************************************
        TMS320C2000 COFF Linker PC v5.0.2                      
******************************************************************************
>> Linked Mon Jul 01 13:22:27 2013

OUTPUT FILE NAME:   <./Debug/LCD.out>
ENTRY POINT SYMBOL: "_c_int00"  address: 00008000


MEMORY CONFIGURATION

         name            origin    length      used     unused   attr    fill
----------------------  --------  ---------  --------  --------  ----  --------
PAGE 0:
  BEGIN                 00000000   00000002  00000002  00000000  RWIX
  BOOT_RSVD             00000002   0000004e  00000000  0000004e  RWIX
  RAMM0                 00000050   000003b0  00000000  000003b0  RWIX
  RAML                  00008000   00004000  00000799  00003867  RWIX
  ZONE7A                00200000   0000fc00  00000000  0000fc00  RWIX
  CSM_RSVD              0033ff80   00000076  00000000  00000076  RWIX
  CSM_PWL               0033fff8   00000008  00000000  00000008  RWIX
  ADC_CAL               00380080   00000009  00000007  00000002  RWIX
  IQTABLES              003fe000   00000b50  00000000  00000b50  RWIX
  IQTABLES2             003feb50   0000008c  00000000  0000008c  RWIX
  FPUTABLES             003febdc   000006a0  00000000  000006a0  RWIX
  BOOTROM               003ff27c   00000d44  00000000  00000d44  RWIX
  RESET                 003fffc0   00000002  00000000  00000002  RWIX

PAGE 1:
  RAMM                  00000400   00000400  000003e8  00000018  RWIX
  DEV_EMU               00000880   00000180  000000d0  000000b0  RWIX
  FLASH_REGS            00000a80   00000060  00000008  00000058  RWIX
  CSM                   00000ae0   00000010  00000010  00000000  RWIX
  ADC_MIRROR            00000b00   00000010  00000010  00000000  RWIX
  XINTF                 00000b20   00000020  0000001e  00000002  RWIX
  CPU_TIMER0            00000c00   00000008  00000008  00000000  RWIX
  CPU_TIMER1            00000c08   00000008  00000008  00000000  RWIX
  CPU_TIMER2            00000c10   00000008  00000008  00000000  RWIX
  PIE_CTRL              00000ce0   00000020  0000001a  00000006  RWIX
  PIE_VECT              00000d00   00000100  00000100  00000000  RWIX
  DMA                   00001000   00000200  000000e0  00000120  RWIX
  MCBSPA                00005000   00000040  00000025  0000001b  RWIX
  MCBSPB                00005040   00000040  00000025  0000001b  RWIX
  ECANA                 00006000   00000040  00000034  0000000c  RWIX
  ECANA_LAM             00006040   00000040  00000040  00000000  RWIX
  ECANA_MOTS            00006080   00000040  00000040  00000000  RWIX
  ECANA_MOTO            000060c0   00000040  00000040  00000000  RWIX
  ECANA_MBOX            00006100   00000100  00000100  00000000  RWIX
  ECANB                 00006200   00000040  00000034  0000000c  RWIX
  ECANB_LAM             00006240   00000040  00000040  00000000  RWIX
  ECANB_MOTS            00006280   00000040  00000040  00000000  RWIX
  ECANB_MOTO            000062c0   00000040  00000040  00000000  RWIX
  ECANB_MBOX            00006300   00000100  00000100  00000000  RWIX
  EPWM1                 00006800   00000022  00000022  00000000  RWIX
  EPWM2                 00006840   00000022  00000022  00000000  RWIX
  EPWM3                 00006880   00000022  00000022  00000000  RWIX
  EPWM4                 000068c0   00000022  00000022  00000000  RWIX
  EPWM5                 00006900   00000022  00000022  00000000  RWIX
  EPWM6                 00006940   00000022  00000022  00000000  RWIX
  ECAP1                 00006a00   00000020  00000020  00000000  RWIX
  ECAP2                 00006a20   00000020  00000020  00000000  RWIX
  ECAP3                 00006a40   00000020  00000020  00000000  RWIX
  ECAP4                 00006a60   00000020  00000020  00000000  RWIX
  ECAP5                 00006a80   00000020  00000020  00000000  RWIX
  ECAP6                 00006aa0   00000020  00000020  00000000  RWIX
  EQEP1                 00006b00   00000040  00000040  00000000  RWIX
  EQEP2                 00006b40   00000040  00000040  00000000  RWIX
  GPIOCTRL              00006f80   00000040  0000002e  00000012  RWIX
  GPIODAT               00006fc0   00000020  00000020  00000000  RWIX
  GPIOINT               00006fe0   00000020  0000000a  00000016  RWIX
  SYSTEM                00007010   00000020  00000020  00000000  RWIX
  SPIA                  00007040   00000010  00000010  00000000  RWIX
  SCIA                  00007050   00000010  00000010  00000000  RWIX
  XINTRUPT              00007070   00000010  00000010  00000000  RWIX
  ADC                   00007100   00000020  0000001e  00000002  RWIX
  SCIB                  00007750   00000010  00000010  00000000  RWIX
  SCIC                  00007770   00000010  00000010  00000000  RWIX
  I2CA                  00007900   00000040  00000022  0000001e  RWIX
  RAMH                  0000c000   00004000  00000185  00003e7b  RWIX
  ZONE7B                0020fc00   00000400  00000000  00000400  RWIX
  CSM_PWL               0033fff8   00000008  00000008  00000000  RWIX


SECTION ALLOCATION MAP

 output                                  attributes/
section   page    origin      length       input sections
--------  ----  ----------  ----------   ----------------
.data      0    00000000    00000000     UNINITIALIZED

codestart 
*          0    00000000    00000002     
                  00000000    00000002     DSP2833x_CodeStartBranch.obj (codestart)

.pinit     0    00008000    00000000     UNINITIALIZED

.switch    0    00008000    00000000     UNINITIALIZED

IQmath     0    00008000    00000000     UNINITIALIZED

.text      0    00008000    00000724     
                  00008000    00000046     rts2800_fpu32.lib : boot.obj (.text)
                  00008046    00000018                       : exit.obj (.text)
                  0000805e    00000009                       : _lock.obj (.text)
                  00008067    00000015                       : args_main.obj (.text)
                  0000807c    00000008     DSP2833x_CodeStartBranch.obj (.text)
                  00008084    0000007a     DSP2833x_CpuTimers.obj (.text)
                  000080fe    00000323     DSP2833x_DefaultIsr.obj (.text)
                  00008421    00000028     DSP2833x_PieCtrl.obj (.text)
                  00008449    00000020     DSP2833x_PieVect.obj (.text)
                  00008469    000000f5     DSP2833x_SysCtrl.obj (.text)
                  0000855e    000000f6     DSP2833x_Xintf.obj (.text)
                  00008654    000000d0     LCD.obj (.text)

.cinit     0    00008724    00000056     
                  00008724    0000000a     rts2800_fpu32.lib : exit.obj (.cinit)
                  0000872e    0000000a                       : _lock.obj (.cinit)
                  00008738    00000041     LCD.obj (.cinit)
                  00008779    00000001     --HOLE-- [fill = 0]

ramfuncs   0    0000877a    0000001f     
                  0000877a    0000001b     DSP2833x_SysCtrl.obj (ramfuncs)
                  00008795    00000004     DSP2833x_usDelay.obj (ramfuncs)

csm_rsvd   0    0033ff80    00000000     DSECT

csmpasswds 
*          0    0033fff8    00000000     DSECT

.adc_cal   0    00380080    00000007     NOLOAD SECTION
                  00380080    00000007     DSP2833x_ADC_cal.obj (.adc_cal)

IQmathTables 
*          0    003fe000    00000000     NOLOAD SECTION

IQmathTables2 
*          0    003feb50    00000000     NOLOAD SECTION

FPUmathTables 
*          0    003febdc    00000000     NOLOAD SECTION

.reset     0    003fffc0    00000002     DSECT
                  003fffc0    00000002     rts2800_fpu32.lib : boot.obj (.reset)

.bss       1    00000000    00000000     UNINITIALIZED

.esysmem   1    00000400    00000000     UNINITIALIZED

.stack     1    00000400    000003e8     UNINITIALIZED

DevEmuRegsFile 
*          1    00000880    000000d0     UNINITIALIZED
                  00000880    000000d0     DSP2833x_GlobalVariableDefs.obj (DevEmuRegsFile)

FlashRegsFile 
*          1    00000a80    00000008     UNINITIALIZED
                  00000a80    00000008     DSP2833x_GlobalVariableDefs.obj (FlashRegsFile)

CsmRegsFile 
*          1    00000ae0    00000010     UNINITIALIZED
                  00000ae0    00000010     DSP2833x_GlobalVariableDefs.obj (CsmRegsFile)

AdcMirrorFile 
*          1    00000b00    00000010     UNINITIALIZED
                  00000b00    00000010     DSP2833x_GlobalVariableDefs.obj (AdcMirrorFile)

XintfRegsFile 
*          1    00000b20    0000001e     UNINITIALIZED
                  00000b20    0000001e     DSP2833x_GlobalVariableDefs.obj (XintfRegsFile)

CpuTimer0RegsFile 
*          1    00000c00    00000008     UNINITIALIZED
                  00000c00    00000008     DSP2833x_GlobalVariableDefs.obj (CpuTimer0RegsFile)

CpuTimer1RegsFile 
*          1    00000c08    00000008     UNINITIALIZED
                  00000c08    00000008     DSP2833x_GlobalVariableDefs.obj (CpuTimer1RegsFile)

CpuTimer2RegsFile 
*          1    00000c10    00000008     UNINITIALIZED
                  00000c10    00000008     DSP2833x_GlobalVariableDefs.obj (CpuTimer2RegsFile)

PieCtrlRegsFile 
*          1    00000ce0    0000001a     UNINITIALIZED
                  00000ce0    0000001a     DSP2833x_GlobalVariableDefs.obj (PieCtrlRegsFile)

PieVectTableFile 
*          1    00000d00    00000100     UNINITIALIZED
                  00000d00    00000100     DSP2833x_GlobalVariableDefs.obj (PieVectTableFile)

DmaRegsFile 
*          1    00001000    000000e0     UNINITIALIZED
                  00001000    000000e0     DSP2833x_GlobalVariableDefs.obj (DmaRegsFile)

McbspaRegsFile 
*          1    00005000    00000025     UNINITIALIZED
                  00005000    00000025     DSP2833x_GlobalVariableDefs.obj (McbspaRegsFile)

McbspbRegsFile 
*          1    00005040    00000025     UNINITIALIZED
                  00005040    00000025     DSP2833x_GlobalVariableDefs.obj (McbspbRegsFile)

ECanaRegsFile 
*          1    00006000    00000034     UNINITIALIZED
                  00006000    00000034     DSP2833x_GlobalVariableDefs.obj (ECanaRegsFile)

ECanaLAMRegsFile 
*          1    00006040    00000040     UNINITIALIZED
                  00006040    00000040     DSP2833x_GlobalVariableDefs.obj (ECanaLAMRegsFile)

ECanaMOTSRegsFile 
*          1    00006080    00000040     UNINITIALIZED
                  00006080    00000040     DSP2833x_GlobalVariableDefs.obj (ECanaMOTSRegsFile)

ECanaMOTORegsFile 
*          1    000060c0    00000040     UNINITIALIZED
                  000060c0    00000040     DSP2833x_GlobalVariableDefs.obj (ECanaMOTORegsFile)

ECanaMboxesFile 
*          1    00006100    00000100     UNINITIALIZED
                  00006100    00000100     DSP2833x_GlobalVariableDefs.obj (ECanaMboxesFile)

ECanbRegsFile 
*          1    00006200    00000034     UNINITIALIZED
                  00006200    00000034     DSP2833x_GlobalVariableDefs.obj (ECanbRegsFile)

ECanbLAMRegsFile 
*          1    00006240    00000040     UNINITIALIZED
                  00006240    00000040     DSP2833x_GlobalVariableDefs.obj (ECanbLAMRegsFile)

ECanbMOTSRegsFile 
*          1    00006280    00000040     UNINITIALIZED
                  00006280    00000040     DSP2833x_GlobalVariableDefs.obj (ECanbMOTSRegsFile)

ECanbMOTORegsFile 
*          1    000062c0    00000040     UNINITIALIZED
                  000062c0    00000040     DSP2833x_GlobalVariableDefs.obj (ECanbMOTORegsFile)

ECanbMboxesFile 
*          1    00006300    00000100     UNINITIALIZED
                  00006300    00000100     DSP2833x_GlobalVariableDefs.obj (ECanbMboxesFile)

EPwm1RegsFile 
*          1    00006800    00000022     UNINITIALIZED
                  00006800    00000022     DSP2833x_GlobalVariableDefs.obj (EPwm1RegsFile)

EPwm2RegsFile 
*          1    00006840    00000022     UNINITIALIZED
                  00006840    00000022     DSP2833x_GlobalVariableDefs.obj (EPwm2RegsFile)

EPwm3RegsFile 
*          1    00006880    00000022     UNINITIALIZED
                  00006880    00000022     DSP2833x_GlobalVariableDefs.obj (EPwm3RegsFile)

EPwm4RegsFile 
*          1    000068c0    00000022     UNINITIALIZED
                  000068c0    00000022     DSP2833x_GlobalVariableDefs.obj (EPwm4RegsFile)

EPwm5RegsFile 
*          1    00006900    00000022     UNINITIALIZED
                  00006900    00000022     DSP2833x_GlobalVariableDefs.obj (EPwm5RegsFile)

EPwm6RegsFile 
*          1    00006940    00000022     UNINITIALIZED
                  00006940    00000022     DSP2833x_GlobalVariableDefs.obj (EPwm6RegsFile)

ECap1RegsFile 
*          1    00006a00    00000020     UNINITIALIZED
                  00006a00    00000020     DSP2833x_GlobalVariableDefs.obj (ECap1RegsFile)

ECap2RegsFile 
*          1    00006a20    00000020     UNINITIALIZED
                  00006a20    00000020     DSP2833x_GlobalVariableDefs.obj (ECap2RegsFile)

ECap3RegsFile 
*          1    00006a40    00000020     UNINITIALIZED
                  00006a40    00000020     DSP2833x_GlobalVariableDefs.obj (ECap3RegsFile)

ECap4RegsFile 
*          1    00006a60    00000020     UNINITIALIZED
                  00006a60    00000020     DSP2833x_GlobalVariableDefs.obj (ECap4RegsFile)

ECap5RegsFile 
*          1    00006a80    00000020     UNINITIALIZED
                  00006a80    00000020     DSP2833x_GlobalVariableDefs.obj (ECap5RegsFile)

ECap6RegsFile 
*          1    00006aa0    00000020     UNINITIALIZED
                  00006aa0    00000020     DSP2833x_GlobalVariableDefs.obj (ECap6RegsFile)

EQep1RegsFile 
*          1    00006b00    00000040     UNINITIALIZED
                  00006b00    00000040     DSP2833x_GlobalVariableDefs.obj (EQep1RegsFile)

EQep2RegsFile 
*          1    00006b40    00000040     UNINITIALIZED
                  00006b40    00000040     DSP2833x_GlobalVariableDefs.obj (EQep2RegsFile)

GpioCtrlRegsFile 
*          1    00006f80    0000002e     UNINITIALIZED
                  00006f80    0000002e     DSP2833x_GlobalVariableDefs.obj (GpioCtrlRegsFile)

GpioDataRegsFile 
*          1    00006fc0    00000020     UNINITIALIZED
                  00006fc0    00000020     DSP2833x_GlobalVariableDefs.obj (GpioDataRegsFile)

GpioIntRegsFile 
*          1    00006fe0    0000000a     UNINITIALIZED
                  00006fe0    0000000a     DSP2833x_GlobalVariableDefs.obj (GpioIntRegsFile)

SysCtrlRegsFile 
*          1    00007010    00000020     UNINITIALIZED
                  00007010    00000020     DSP2833x_GlobalVariableDefs.obj (SysCtrlRegsFile)

SpiaRegsFile 
*          1    00007040    00000010     UNINITIALIZED
                  00007040    00000010     DSP2833x_GlobalVariableDefs.obj (SpiaRegsFile)

SciaRegsFile 
*          1    00007050    00000010     UNINITIALIZED
                  00007050    00000010     DSP2833x_GlobalVariableDefs.obj (SciaRegsFile)

XIntruptRegsFile 
*          1    00007070    00000010     UNINITIALIZED
                  00007070    00000010     DSP2833x_GlobalVariableDefs.obj (XIntruptRegsFile)

AdcRegsFile 
*          1    00007100    0000001e     UNINITIALIZED
                  00007100    0000001e     DSP2833x_GlobalVariableDefs.obj (AdcRegsFile)

ScibRegsFile 
*          1    00007750    00000010     UNINITIALIZED
                  00007750    00000010     DSP2833x_GlobalVariableDefs.obj (ScibRegsFile)

ScicRegsFile 
*          1    00007770    00000010     UNINITIALIZED
                  00007770    00000010     DSP2833x_GlobalVariableDefs.obj (ScicRegsFile)

I2caRegsFile 
*          1    00007900    00000022     UNINITIALIZED
                  00007900    00000022     DSP2833x_GlobalVariableDefs.obj (I2caRegsFile)

.econst    1    0000c000    00000110     
                  0000c000    00000100     DSP2833x_PieVect.obj (.econst)
                  0000c100    00000010     LCD.obj (.econst:_table)

.ebss      1    0000c140    00000075     UNINITIALIZED
                  0000c140    00000018     DSP2833x_CpuTimers.obj (.ebss)
                  0000c158    00000004     rts2800_fpu32.lib : _lock.obj (.ebss)
                  0000c15c    00000004                       : exit.obj (.ebss)
                  0000c180    00000035     LCD.obj (.ebss)

ZONE7DATA 
*          1    0020fc00    00000000     UNINITIALIZED

CsmPwlFile 
*          1    0033fff8    00000008     UNINITIALIZED
                  0033fff8    00000008     DSP2833x_GlobalVariableDefs.obj (CsmPwlFile)


GLOBAL SYMBOLS: SORTED ALPHABETICALLY BY Name 

address    name
--------   ----
00000000   .bss
00000000   .data
00008000   .text
00008046   C$$EXIT
000081e4   _ADCINT_ISR
00380080   _ADC_cal
00000b00   _AdcMirror
00007100   _AdcRegs
000080c3   _ConfigCpuTimer
0000c150   _CpuTimer0
00000c00   _CpuTimer0Regs
0000c140   _CpuTimer1
00000c08   _CpuTimer1Regs
0000c148   _CpuTimer2
00000c10   _CpuTimer2Regs
0033fff8   _CsmPwl
00000ae0   _CsmRegs
0000852d   _CsmUnlock
00008112   _DATALOG_ISR
00008306   _DINTCH1_ISR
00008310   _DINTCH2_ISR
0000831a   _DINTCH3_ISR
00008324   _DINTCH4_ISR
0000832e   _DINTCH5_ISR
00008338   _DINTCH6_ISR
00008795   _DSP28x_usDelay
00000880   _DevEmuRegs
0000847c   _DisableDog
00001000   _DmaRegs
00008392   _ECAN0INTA_ISR
000083a6   _ECAN0INTB_ISR
0000839c   _ECAN1INTA_ISR
000083b0   _ECAN1INTB_ISR
0000827a   _ECAP1_INT_ISR
00008284   _ECAP2_INT_ISR
0000828e   _ECAP3_INT_ISR
00008298   _ECAP4_INT_ISR
000082a2   _ECAP5_INT_ISR
000082ac   _ECAP6_INT_ISR
00006040   _ECanaLAMRegs
000060c0   _ECanaMOTORegs
00006080   _ECanaMOTSRegs
00006100   _ECanaMboxes
00006000   _ECanaRegs
00006240   _ECanbLAMRegs
000062c0   _ECanbMOTORegs
00006280   _ECanbMOTSRegs
00006300   _ECanbMboxes
00006200   _ECanbRegs
00006a00   _ECap1Regs
00006a20   _ECap2Regs
00006a40   _ECap3Regs
00006a60   _ECap4Regs
00006a80   _ECap5Regs
00006aa0   _ECap6Regs
00008400   _EMPTY_ISR
00008126   _EMUINT_ISR
0000823e   _EPWM1_INT_ISR
00008202   _EPWM1_TZINT_ISR
00008248   _EPWM2_INT_ISR
0000820c   _EPWM2_TZINT_ISR
00008252   _EPWM3_INT_ISR
00008216   _EPWM3_TZINT_ISR
0000825c   _EPWM4_INT_ISR
00008220   _EPWM4_TZINT_ISR
00008266   _EPWM5_INT_ISR
0000822a   _EPWM5_TZINT_ISR
00008270   _EPWM6_INT_ISR
00008234   _EPWM6_TZINT_ISR
00006800   _EPwm1Regs
00006840   _EPwm2Regs
00006880   _EPwm3Regs
000068c0   _EPwm4Regs
00006900   _EPwm5Regs
00006940   _EPwm6Regs
000082b6   _EQEP1_INT_ISR
000082c0   _EQEP2_INT_ISR
00006b00   _EQep1Regs
00006b40   _EQep2Regs
00008440   _EnableInterrupts
00000a80   _FlashRegs
00006f80   _GpioCtrlRegs
00006fc0   _GpioDataRegs
00006fe0   _GpioIntRegs
00008342   _I2CINT1A_ISR
0000834c   _I2CINT2A_ISR
00007900   _I2caRegs
0000813a   _ILLEGAL_ISR
000080fe   _INT13_ISR
00008108   _INT14_ISR
00008084   _InitCpuTimers
0000877a   _InitFlash
000084d2   _InitPeripheralClocks
00008421   _InitPieCtrl
00008449   _InitPieVectTable
00008484   _InitPll
00008469   _InitSysCtrl
0000855e   _InitXintf
000085fa   _InitXintf16Gpio
000085b3   _InitXintf32Gpio
000083f6   _LUF_ISR
000083ec   _LVF_ISR
000082f2   _MRINTA_ISR
000082de   _MRINTB_ISR
000082fc   _MXINTA_ISR
000082e8   _MXINTB_ISR
00005000   _McbspaRegs
00005040   _McbspbRegs
00008130   _NMI_ISR
0000840d   _PIE_RESERVED
00000ce0   _PieCtrlRegs
00000d00   _PieVectTable
0000c000   _PieVectTableInit
0000811c   _RTOSINT_ISR
0000836a   _SCIRXINTA_ISR
0000837e   _SCIRXINTB_ISR
00008356   _SCIRXINTC_ISR
00008374   _SCITXINTA_ISR
00008388   _SCITXINTB_ISR
00008360   _SCITXINTC_ISR
00008669   _SEG_DATA
000081bc   _SEQ1INT_ISR
000081c6   _SEQ2INT_ISR
000082ca   _SPIRXINTA_ISR
000082d4   _SPITXINTA_ISR
00007050   _SciaRegs
00007750   _ScibRegs
00007770   _ScicRegs
00008472   _ServiceDog
00007040   _SpiaRegs
00007010   _SysCtrlRegs
000081ee   _TINT0_ISR
0000819e   _USER10_ISR
000081a8   _USER11_ISR
000081b2   _USER12_ISR
00008144   _USER1_ISR
0000814e   _USER2_ISR
00008158   _USER3_ISR
00008162   _USER4_ISR
0000816c   _USER5_ISR
00008176   _USER6_ISR
00008180   _USER7_ISR
0000818a   _USER8_ISR
00008194   _USER9_ISR
000081f8   _WAKEINT_ISR
000081d0   _XINT1_ISR
000081da   _XINT2_ISR
000083ba   _XINT3_ISR
000083c4   _XINT4_ISR
000083ce   _XINT5_ISR
000083d8   _XINT6_ISR
000083e2   _XINT7_ISR
00007070   _XIntruptRegs
00000b20   _XintfRegs
000003e8   __STACK_SIZE
ffffffff   ___TI_pprof_out_hndl
ffffffff   ___TI_prof_var_size
ffffffff   ___TI_prof_var_start
ffffffff   ___binit__
00000000   ___bss__
ffffffff   ___c_args__
00008724   ___cinit__
00000000   ___data__
00000000   ___edata__
00000000   ___end__
00008724   ___etext__
ffffffff   ___pinit__
00008000   ___text__
00008067   __args_main
0000c15c   __cleanup_ptr
0000c15e   __dtors_ptr
0000c15a   __lock
00008066   __nop
00008062   __register_lock
0000805e   __register_unlock
00000400   __stack
0000c158   __unlock
00008046   _abort
00008000   _c_int00
00008689   _configio
00008654   _delay
00008048   _exit
000086a8   _main
0000c1a4   _menu1
0000c180   _menu2
0000c18c   _menu3
0000c198   _menu4
00008417   _rsvd_ISR
0000c100   _table
ffffffff   binit
00008724   cinit
00000000   code_start
00000000   edata
00000000   end
00008724   etext
ffffffff   pinit


GLOBAL SYMBOLS: SORTED BY Symbol Address 

address    name
--------   ----
00000000   .bss
00000000   .data
00000000   ___bss__
00000000   ___data__
00000000   ___edata__
00000000   ___end__
00000000   code_start
00000000   edata
00000000   end
000003e8   __STACK_SIZE
00000400   __stack
00000880   _DevEmuRegs
00000a80   _FlashRegs
00000ae0   _CsmRegs
00000b00   _AdcMirror
00000b20   _XintfRegs
00000c00   _CpuTimer0Regs
00000c08   _CpuTimer1Regs
00000c10   _CpuTimer2Regs
00000ce0   _PieCtrlRegs
00000d00   _PieVectTable
00001000   _DmaRegs
00005000   _McbspaRegs
00005040   _McbspbRegs
00006000   _ECanaRegs
00006040   _ECanaLAMRegs
00006080   _ECanaMOTSRegs
000060c0   _ECanaMOTORegs
00006100   _ECanaMboxes
00006200   _ECanbRegs
00006240   _ECanbLAMRegs
00006280   _ECanbMOTSRegs
000062c0   _ECanbMOTORegs
00006300   _ECanbMboxes
00006800   _EPwm1Regs
00006840   _EPwm2Regs
00006880   _EPwm3Regs
000068c0   _EPwm4Regs
00006900   _EPwm5Regs
00006940   _EPwm6Regs
00006a00   _ECap1Regs
00006a20   _ECap2Regs
00006a40   _ECap3Regs
00006a60   _ECap4Regs
00006a80   _ECap5Regs
00006aa0   _ECap6Regs
00006b00   _EQep1Regs
00006b40   _EQep2Regs
00006f80   _GpioCtrlRegs
00006fc0   _GpioDataRegs
00006fe0   _GpioIntRegs
00007010   _SysCtrlRegs
00007040   _SpiaRegs
00007050   _SciaRegs
00007070   _XIntruptRegs
00007100   _AdcRegs
00007750   _ScibRegs
00007770   _ScicRegs
00007900   _I2caRegs
00008000   .text
00008000   ___text__
00008000   _c_int00
00008046   C$$EXIT
00008046   _abort
00008048   _exit
0000805e   __register_unlock
00008062   __register_lock
00008066   __nop
00008067   __args_main
00008084   _InitCpuTimers
000080c3   _ConfigCpuTimer
000080fe   _INT13_ISR
00008108   _INT14_ISR
00008112   _DATALOG_ISR
0000811c   _RTOSINT_ISR
00008126   _EMUINT_ISR
00008130   _NMI_ISR
0000813a   _ILLEGAL_ISR
00008144   _USER1_ISR
0000814e   _USER2_ISR
00008158   _USER3_ISR
00008162   _USER4_ISR
0000816c   _USER5_ISR
00008176   _USER6_ISR
00008180   _USER7_ISR
0000818a   _USER8_ISR
00008194   _USER9_ISR
0000819e   _USER10_ISR
000081a8   _USER11_ISR
000081b2   _USER12_ISR
000081bc   _SEQ1INT_ISR
000081c6   _SEQ2INT_ISR
000081d0   _XINT1_ISR
000081da   _XINT2_ISR
000081e4   _ADCINT_ISR
000081ee   _TINT0_ISR
000081f8   _WAKEINT_ISR
00008202   _EPWM1_TZINT_ISR
0000820c   _EPWM2_TZINT_ISR
00008216   _EPWM3_TZINT_ISR
00008220   _EPWM4_TZINT_ISR
0000822a   _EPWM5_TZINT_ISR
00008234   _EPWM6_TZINT_ISR
0000823e   _EPWM1_INT_ISR
00008248   _EPWM2_INT_ISR
00008252   _EPWM3_INT_ISR
0000825c   _EPWM4_INT_ISR
00008266   _EPWM5_INT_ISR
00008270   _EPWM6_INT_ISR
0000827a   _ECAP1_INT_ISR
00008284   _ECAP2_INT_ISR
0000828e   _ECAP3_INT_ISR
00008298   _ECAP4_INT_ISR
000082a2   _ECAP5_INT_ISR
000082ac   _ECAP6_INT_ISR
000082b6   _EQEP1_INT_ISR
000082c0   _EQEP2_INT_ISR
000082ca   _SPIRXINTA_ISR
000082d4   _SPITXINTA_ISR
000082de   _MRINTB_ISR
000082e8   _MXINTB_ISR
000082f2   _MRINTA_ISR
000082fc   _MXINTA_ISR
00008306   _DINTCH1_ISR
00008310   _DINTCH2_ISR
0000831a   _DINTCH3_ISR
00008324   _DINTCH4_ISR
0000832e   _DINTCH5_ISR
00008338   _DINTCH6_ISR
00008342   _I2CINT1A_ISR
0000834c   _I2CINT2A_ISR
00008356   _SCIRXINTC_ISR
00008360   _SCITXINTC_ISR
0000836a   _SCIRXINTA_ISR
00008374   _SCITXINTA_ISR
0000837e   _SCIRXINTB_ISR
00008388   _SCITXINTB_ISR
00008392   _ECAN0INTA_ISR
0000839c   _ECAN1INTA_ISR
000083a6   _ECAN0INTB_ISR
000083b0   _ECAN1INTB_ISR
000083ba   _XINT3_ISR
000083c4   _XINT4_ISR
000083ce   _XINT5_ISR
000083d8   _XINT6_ISR
000083e2   _XINT7_ISR
000083ec   _LVF_ISR
000083f6   _LUF_ISR
00008400   _EMPTY_ISR
0000840d   _PIE_RESERVED
00008417   _rsvd_ISR
00008421   _InitPieCtrl
00008440   _EnableInterrupts
00008449   _InitPieVectTable
00008469   _InitSysCtrl
00008472   _ServiceDog
0000847c   _DisableDog
00008484   _InitPll
000084d2   _InitPeripheralClocks
0000852d   _CsmUnlock
0000855e   _InitXintf
000085b3   _InitXintf32Gpio
000085fa   _InitXintf16Gpio
00008654   _delay
00008669   _SEG_DATA
00008689   _configio
000086a8   _main
00008724   ___cinit__
00008724   ___etext__
00008724   cinit
00008724   etext
0000877a   _InitFlash
00008795   _DSP28x_usDelay
0000c000   _PieVectTableInit
0000c100   _table
0000c140   _CpuTimer1
0000c148   _CpuTimer2
0000c150   _CpuTimer0
0000c158   __unlock
0000c15a   __lock
0000c15c   __cleanup_ptr
0000c15e   __dtors_ptr
0000c180   _menu2
0000c18c   _menu3
0000c198   _menu4
0000c1a4   _menu1
0033fff8   _CsmPwl
00380080   _ADC_cal
ffffffff   ___TI_pprof_out_hndl
ffffffff   ___TI_prof_var_size
ffffffff   ___TI_prof_var_start
ffffffff   ___binit__
ffffffff   ___c_args__
ffffffff   ___pinit__
ffffffff   binit
ffffffff   pinit

[196 symbols]
