******************************************************************************
             TMS320C2000 Linker PC v5.2.3                      
******************************************************************************
>> Linked Wed Jul 16 10:50:16 2014

OUTPUT FILE NAME:   <lab-FFT.out>
ENTRY POINT SYMBOL: "_c_int00"  address: 00008a27


MEMORY CONFIGURATION

         name            origin    length      used     unused   attr    fill
----------------------  --------  ---------  --------  --------  ----  --------
PAGE 0:
  BEGIN                 00000000   00000002  00000000  00000002  RWIX
  BOOT_RSVD             00000002   0000004e  00000000  0000004e  RWIX
  RAMM0                 00000050   000003b0  00000000  000003b0  RWIX
  RAML                  00008000   00004000  00000bfe  00003402  RWIX
  ZONE7A                00200000   0000fc00  00000000  0000fc00  RWIX
  CSM_RSVD              0033ff80   00000076  00000000  00000076  RWIX
  CSM_PWL               0033fff8   00000008  00000000  00000008  RWIX
  ADC_CAL               00380080   00000009  00000007  00000002  RWIX
  IQTABLES              003fe000   00000b50  00000000  00000b50  RWIX
  IQTABLES2             003feb50   0000008c  00000000  0000008c  RWIX
  FPUTABLES             003febdc   000006a0  00000000  000006a0  RWIX
  BOOTROM               003ff27c   00000d44  00000000  00000d44  RWIX
  RESET                 003fffc0   00000002  00000000  00000002  RWIX

PAGE 1:
  RAMM                  00000400   00000400  000003e8  00000018  RWIX
  DEV_EMU               00000880   00000180  000000d0  000000b0  RWIX
  FLASH_REGS            00000a80   00000060  00000008  00000058  RWIX
  CSM                   00000ae0   00000010  00000010  00000000  RWIX
  ADC_MIRROR            00000b00   00000010  00000010  00000000  RWIX
  XINTF                 00000b20   00000020  0000001e  00000002  RWIX
  CPU_TIMER0            00000c00   00000008  00000008  00000000  RWIX
  CPU_TIMER1            00000c08   00000008  00000008  00000000  RWIX
  CPU_TIMER2            00000c10   00000008  00000008  00000000  RWIX
  PIE_CTRL              00000ce0   00000020  0000001a  00000006  RWIX
  PIE_VECT              00000d00   00000100  00000100  00000000  RWIX
  DMA                   00001000   00000200  000000e0  00000120  RWIX
  MCBSPA                00005000   00000040  00000025  0000001b  RWIX
  MCBSPB                00005040   00000040  00000025  0000001b  RWIX
  ECANA                 00006000   00000040  00000034  0000000c  RWIX
  ECANA_LAM             00006040   00000040  00000040  00000000  RWIX
  ECANA_MOTS            00006080   00000040  00000040  00000000  RWIX
  ECANA_MOTO            000060c0   00000040  00000040  00000000  RWIX
  ECANA_MBOX            00006100   00000100  00000100  00000000  RWIX
  ECANB                 00006200   00000040  00000034  0000000c  RWIX
  ECANB_LAM             00006240   00000040  00000040  00000000  RWIX
  ECANB_MOTS            00006280   00000040  00000040  00000000  RWIX
  ECANB_MOTO            000062c0   00000040  00000040  00000000  RWIX
  ECANB_MBOX            00006300   00000100  00000100  00000000  RWIX
  EPWM1                 00006800   00000022  00000022  00000000  RWIX
  EPWM2                 00006840   00000022  00000022  00000000  RWIX
  EPWM3                 00006880   00000022  00000022  00000000  RWIX
  EPWM4                 000068c0   00000022  00000022  00000000  RWIX
  EPWM5                 00006900   00000022  00000022  00000000  RWIX
  EPWM6                 00006940   00000022  00000022  00000000  RWIX
  ECAP1                 00006a00   00000020  00000020  00000000  RWIX
  ECAP2                 00006a20   00000020  00000020  00000000  RWIX
  ECAP3                 00006a40   00000020  00000020  00000000  RWIX
  ECAP4                 00006a60   00000020  00000020  00000000  RWIX
  ECAP5                 00006a80   00000020  00000020  00000000  RWIX
  ECAP6                 00006aa0   00000020  00000020  00000000  RWIX
  EQEP1                 00006b00   00000040  00000040  00000000  RWIX
  EQEP2                 00006b40   00000040  00000040  00000000  RWIX
  GPIOCTRL              00006f80   00000040  0000002e  00000012  RWIX
  GPIODAT               00006fc0   00000020  00000020  00000000  RWIX
  GPIOINT               00006fe0   00000020  0000000a  00000016  RWIX
  SYSTEM                00007010   00000020  00000020  00000000  RWIX
  SPIA                  00007040   00000010  00000010  00000000  RWIX
  SCIA                  00007050   00000010  00000010  00000000  RWIX
  XINTRUPT              00007070   00000010  00000010  00000000  RWIX
  ADC                   00007100   00000020  0000001e  00000002  RWIX
  SCIB                  00007750   00000010  00000010  00000000  RWIX
  SCIC                  00007770   00000010  00000010  00000000  RWIX
  I2CA                  00007900   00000040  00000022  0000001e  RWIX
  RAMH                  0000c000   00004000  00000961  0000369f  RWIX
  ZONE7B                0020fc00   00000400  00000000  00000400  RWIX
  CSM_PWL               0033fff8   00000008  00000008  00000000  RWIX


SECTION ALLOCATION MAP

 output                                  attributes/
section   page    origin      length       input sections
--------  ----  ----------  ----------   ----------------
.pinit     0    00008000    00000000     UNINITIALIZED

.text      0    00008000    00000bbc     
                  00008000    00000323     DSP2833x_DefaultIsr.obj (.text)
                  00008323    0000024a     lab-FFT.obj (.text)
                  0000856d    000000f6     DSP2833x_Xintf.obj (.text)
                  00008663    000000f5     DSP2833x_SysCtrl.obj (.text)
                  00008758    00000088     rts2800_fpu32.lib : fs_div.obj (.text)
                  000087e0    0000007a     DSP2833x_CpuTimers.obj (.text)
                  0000885a    0000006d     rts2800_fpu32.lib : exp.obj (.text)
                  000088c7    0000005e                       : cos.obj (.text)
                  00008925    0000005c                       : sin.obj (.text)
                  00008981    00000058                       : pow.obj (.text)
                  000089d9    0000004e                       : _log.obj (.text)
                  00008a27    00000046                       : boot.obj (.text)
                  00008a6d    00000039                       : ldexp.obj (.text)
                  00008aa6    00000028     DSP2833x_PieCtrl.obj (.text)
                  00008ace    00000022     rts2800_fpu32.lib : i_div.obj (.text)
                  00008af0    00000021                       : memcpy_ff.obj (.text)
                  00008b11    00000020     DSP2833x_PieVect.obj (.text)
                  00008b31    00000001     --HOLE-- [fill = 0]
                  00008b32    00000020     rts2800_fpu32.lib : sqrt.obj (.text)
                  00008b52    0000001b                       : args_main.obj (.text)
                  00008b6d    00000019                       : exit.obj (.text)
                  00008b86    00000017     DSP2833x_I2C.obj (.text)
                  00008b9d    00000016     rts2800_fpu32.lib : frexp.obj (.text)
                  00008bb3    00000009                       : _lock.obj (.text)

.cinit     0    00008bbc    00000023     
                  00008bbc    0000000a     rts2800_fpu32.lib : _lock.obj (.cinit)
                  00008bc6    0000000a                       : exit.obj (.cinit)
                  00008bd0    00000009     lab-FFT.obj (.cinit)
                  00008bd9    00000004     rts2800_fpu32.lib : errno.obj (.cinit)
                  00008bdd    00000002     --HOLE-- [fill = 0]

ramfuncs   0    00008bdf    0000001f     
                  00008bdf    0000001b     DSP2833x_SysCtrl.obj (ramfuncs)
                  00008bfa    00000004     DSP2833x_usDelay.obj (ramfuncs)

csm_rsvd   0    0033ff80    00000000     DSECT

csmpasswds 
*          0    0033fff8    00000000     DSECT

.adc_cal   0    00380080    00000007     NOLOAD SECTION
                  00380080    00000007     DSP2833x_ADC_cal.obj (.adc_cal)

.reset     0    003fffc0    00000002     DSECT
                  003fffc0    00000002     rts2800_fpu32.lib : boot.obj (.reset)

.stack     1    00000400    000003e8     UNINITIALIZED
                  00000400    000003e8     --HOLE--

DevEmuRegsFile 
*          1    00000880    000000d0     UNINITIALIZED
                  00000880    000000d0     DSP2833x_GlobalVariableDefs.obj (DevEmuRegsFile)

FlashRegsFile 
*          1    00000a80    00000008     UNINITIALIZED
                  00000a80    00000008     DSP2833x_GlobalVariableDefs.obj (FlashRegsFile)

CsmRegsFile 
*          1    00000ae0    00000010     UNINITIALIZED
                  00000ae0    00000010     DSP2833x_GlobalVariableDefs.obj (CsmRegsFile)

AdcMirrorFile 
*          1    00000b00    00000010     UNINITIALIZED
                  00000b00    00000010     DSP2833x_GlobalVariableDefs.obj (AdcMirrorFile)

XintfRegsFile 
*          1    00000b20    0000001e     UNINITIALIZED
                  00000b20    0000001e     DSP2833x_GlobalVariableDefs.obj (XintfRegsFile)

CpuTimer0RegsFile 
*          1    00000c00    00000008     UNINITIALIZED
                  00000c00    00000008     DSP2833x_GlobalVariableDefs.obj (CpuTimer0RegsFile)

CpuTimer1RegsFile 
*          1    00000c08    00000008     UNINITIALIZED
                  00000c08    00000008     DSP2833x_GlobalVariableDefs.obj (CpuTimer1RegsFile)

CpuTimer2RegsFile 
*          1    00000c10    00000008     UNINITIALIZED
                  00000c10    00000008     DSP2833x_GlobalVariableDefs.obj (CpuTimer2RegsFile)

PieCtrlRegsFile 
*          1    00000ce0    0000001a     UNINITIALIZED
                  00000ce0    0000001a     DSP2833x_GlobalVariableDefs.obj (PieCtrlRegsFile)

PieVectTableFile 
*          1    00000d00    00000100     UNINITIALIZED
                  00000d00    00000100     DSP2833x_GlobalVariableDefs.obj (PieVectTableFile)

DmaRegsFile 
*          1    00001000    000000e0     UNINITIALIZED
                  00001000    000000e0     DSP2833x_GlobalVariableDefs.obj (DmaRegsFile)

McbspaRegsFile 
*          1    00005000    00000025     UNINITIALIZED
                  00005000    00000025     DSP2833x_GlobalVariableDefs.obj (McbspaRegsFile)

McbspbRegsFile 
*          1    00005040    00000025     UNINITIALIZED
                  00005040    00000025     DSP2833x_GlobalVariableDefs.obj (McbspbRegsFile)

ECanaRegsFile 
*          1    00006000    00000034     UNINITIALIZED
                  00006000    00000034     DSP2833x_GlobalVariableDefs.obj (ECanaRegsFile)

ECanaLAMRegsFile 
*          1    00006040    00000040     UNINITIALIZED
                  00006040    00000040     DSP2833x_GlobalVariableDefs.obj (ECanaLAMRegsFile)

ECanaMOTSRegsFile 
*          1    00006080    00000040     UNINITIALIZED
                  00006080    00000040     DSP2833x_GlobalVariableDefs.obj (ECanaMOTSRegsFile)

ECanaMOTORegsFile 
*          1    000060c0    00000040     UNINITIALIZED
                  000060c0    00000040     DSP2833x_GlobalVariableDefs.obj (ECanaMOTORegsFile)

ECanaMboxesFile 
*          1    00006100    00000100     UNINITIALIZED
                  00006100    00000100     DSP2833x_GlobalVariableDefs.obj (ECanaMboxesFile)

ECanbRegsFile 
*          1    00006200    00000034     UNINITIALIZED
                  00006200    00000034     DSP2833x_GlobalVariableDefs.obj (ECanbRegsFile)

ECanbLAMRegsFile 
*          1    00006240    00000040     UNINITIALIZED
                  00006240    00000040     DSP2833x_GlobalVariableDefs.obj (ECanbLAMRegsFile)

ECanbMOTSRegsFile 
*          1    00006280    00000040     UNINITIALIZED
                  00006280    00000040     DSP2833x_GlobalVariableDefs.obj (ECanbMOTSRegsFile)

ECanbMOTORegsFile 
*          1    000062c0    00000040     UNINITIALIZED
                  000062c0    00000040     DSP2833x_GlobalVariableDefs.obj (ECanbMOTORegsFile)

ECanbMboxesFile 
*          1    00006300    00000100     UNINITIALIZED
                  00006300    00000100     DSP2833x_GlobalVariableDefs.obj (ECanbMboxesFile)

EPwm1RegsFile 
*          1    00006800    00000022     UNINITIALIZED
                  00006800    00000022     DSP2833x_GlobalVariableDefs.obj (EPwm1RegsFile)

EPwm2RegsFile 
*          1    00006840    00000022     UNINITIALIZED
                  00006840    00000022     DSP2833x_GlobalVariableDefs.obj (EPwm2RegsFile)

EPwm3RegsFile 
*          1    00006880    00000022     UNINITIALIZED
                  00006880    00000022     DSP2833x_GlobalVariableDefs.obj (EPwm3RegsFile)

EPwm4RegsFile 
*          1    000068c0    00000022     UNINITIALIZED
                  000068c0    00000022     DSP2833x_GlobalVariableDefs.obj (EPwm4RegsFile)

EPwm5RegsFile 
*          1    00006900    00000022     UNINITIALIZED
                  00006900    00000022     DSP2833x_GlobalVariableDefs.obj (EPwm5RegsFile)

EPwm6RegsFile 
*          1    00006940    00000022     UNINITIALIZED
                  00006940    00000022     DSP2833x_GlobalVariableDefs.obj (EPwm6RegsFile)

ECap1RegsFile 
*          1    00006a00    00000020     UNINITIALIZED
                  00006a00    00000020     DSP2833x_GlobalVariableDefs.obj (ECap1RegsFile)

ECap2RegsFile 
*          1    00006a20    00000020     UNINITIALIZED
                  00006a20    00000020     DSP2833x_GlobalVariableDefs.obj (ECap2RegsFile)

ECap3RegsFile 
*          1    00006a40    00000020     UNINITIALIZED
                  00006a40    00000020     DSP2833x_GlobalVariableDefs.obj (ECap3RegsFile)

ECap4RegsFile 
*          1    00006a60    00000020     UNINITIALIZED
                  00006a60    00000020     DSP2833x_GlobalVariableDefs.obj (ECap4RegsFile)

ECap5RegsFile 
*          1    00006a80    00000020     UNINITIALIZED
                  00006a80    00000020     DSP2833x_GlobalVariableDefs.obj (ECap5RegsFile)

ECap6RegsFile 
*          1    00006aa0    00000020     UNINITIALIZED
                  00006aa0    00000020     DSP2833x_GlobalVariableDefs.obj (ECap6RegsFile)

EQep1RegsFile 
*          1    00006b00    00000040     UNINITIALIZED
                  00006b00    00000040     DSP2833x_GlobalVariableDefs.obj (EQep1RegsFile)

EQep2RegsFile 
*          1    00006b40    00000040     UNINITIALIZED
                  00006b40    00000040     DSP2833x_GlobalVariableDefs.obj (EQep2RegsFile)

GpioCtrlRegsFile 
*          1    00006f80    0000002e     UNINITIALIZED
                  00006f80    0000002e     DSP2833x_GlobalVariableDefs.obj (GpioCtrlRegsFile)

GpioDataRegsFile 
*          1    00006fc0    00000020     UNINITIALIZED
                  00006fc0    00000020     DSP2833x_GlobalVariableDefs.obj (GpioDataRegsFile)

GpioIntRegsFile 
*          1    00006fe0    0000000a     UNINITIALIZED
                  00006fe0    0000000a     DSP2833x_GlobalVariableDefs.obj (GpioIntRegsFile)

SysCtrlRegsFile 
*          1    00007010    00000020     UNINITIALIZED
                  00007010    00000020     DSP2833x_GlobalVariableDefs.obj (SysCtrlRegsFile)

SpiaRegsFile 
*          1    00007040    00000010     UNINITIALIZED
                  00007040    00000010     DSP2833x_GlobalVariableDefs.obj (SpiaRegsFile)

SciaRegsFile 
*          1    00007050    00000010     UNINITIALIZED
                  00007050    00000010     DSP2833x_GlobalVariableDefs.obj (SciaRegsFile)

XIntruptRegsFile 
*          1    00007070    00000010     UNINITIALIZED
                  00007070    00000010     DSP2833x_GlobalVariableDefs.obj (XIntruptRegsFile)

AdcRegsFile 
*          1    00007100    0000001e     UNINITIALIZED
                  00007100    0000001e     DSP2833x_GlobalVariableDefs.obj (AdcRegsFile)

ScibRegsFile 
*          1    00007750    00000010     UNINITIALIZED
                  00007750    00000010     DSP2833x_GlobalVariableDefs.obj (ScibRegsFile)

ScicRegsFile 
*          1    00007770    00000010     UNINITIALIZED
                  00007770    00000010     DSP2833x_GlobalVariableDefs.obj (ScicRegsFile)

I2caRegsFile 
*          1    00007900    00000022     UNINITIALIZED
                  00007900    00000022     DSP2833x_GlobalVariableDefs.obj (I2caRegsFile)

.ebss      1    0000c000    00000861     UNINITIALIZED
                  0000c000    00000840     lab-FFT.obj (.ebss)
                  0000c840    00000018     DSP2833x_CpuTimers.obj (.ebss)
                  0000c858    00000004     rts2800_fpu32.lib : _lock.obj (.ebss)
                  0000c85c    00000004                       : exit.obj (.ebss)
                  0000c860    00000001                       : errno.obj (.ebss)

.econst    1    0000c862    00000100     
                  0000c862    00000100     DSP2833x_PieVect.obj (.econst)

CsmPwlFile 
*          1    0033fff8    00000008     UNINITIALIZED
                  0033fff8    00000008     DSP2833x_GlobalVariableDefs.obj (CsmPwlFile)


GLOBAL SYMBOLS: SORTED ALPHABETICALLY BY Name 

address    name
--------   ----
00008000   .text
00008b6d   C$$EXIT
00008758   FS$$DIV
00008ace   I$$DIV
00008adf   I$$MOD
000080e6   _ADCINT_ISR
00380080   _ADC_cal
00000b00   _AdcMirror
00007100   _AdcRegs
0000881f   _ConfigCpuTimer
0000c850   _CpuTimer0
00000c00   _CpuTimer0Regs
0000c840   _CpuTimer1
00000c08   _CpuTimer1Regs
0000c848   _CpuTimer2
00000c10   _CpuTimer2Regs
0033fff8   _CsmPwl
00000ae0   _CsmRegs
00008727   _CsmUnlock
00008014   _DATALOG_ISR
00008208   _DINTCH1_ISR
00008212   _DINTCH2_ISR
0000821c   _DINTCH3_ISR
00008226   _DINTCH4_ISR
00008230   _DINTCH5_ISR
0000823a   _DINTCH6_ISR
00008bfa   _DSP28x_usDelay
00000880   _DevEmuRegs
00008676   _DisableDog
00001000   _DmaRegs
00008294   _ECAN0INTA_ISR
000082a8   _ECAN0INTB_ISR
0000829e   _ECAN1INTA_ISR
000082b2   _ECAN1INTB_ISR
0000817c   _ECAP1_INT_ISR
00008186   _ECAP2_INT_ISR
00008190   _ECAP3_INT_ISR
0000819a   _ECAP4_INT_ISR
000081a4   _ECAP5_INT_ISR
000081ae   _ECAP6_INT_ISR
00006040   _ECanaLAMRegs
000060c0   _ECanaMOTORegs
00006080   _ECanaMOTSRegs
00006100   _ECanaMboxes
00006000   _ECanaRegs
00006240   _ECanbLAMRegs
000062c0   _ECanbMOTORegs
00006280   _ECanbMOTSRegs
00006300   _ECanbMboxes
00006200   _ECanbRegs
00006a00   _ECap1Regs
00006a20   _ECap2Regs
00006a40   _ECap3Regs
00006a60   _ECap4Regs
00006a80   _ECap5Regs
00006aa0   _ECap6Regs
00008302   _EMPTY_ISR
00008028   _EMUINT_ISR
00008140   _EPWM1_INT_ISR
00008104   _EPWM1_TZINT_ISR
0000814a   _EPWM2_INT_ISR
0000810e   _EPWM2_TZINT_ISR
00008154   _EPWM3_INT_ISR
00008118   _EPWM3_TZINT_ISR
0000815e   _EPWM4_INT_ISR
00008122   _EPWM4_TZINT_ISR
00008168   _EPWM5_INT_ISR
0000812c   _EPWM5_TZINT_ISR
00008172   _EPWM6_INT_ISR
00008136   _EPWM6_TZINT_ISR
00006800   _EPwm1Regs
00006840   _EPwm2Regs
00006880   _EPwm3Regs
000068c0   _EPwm4Regs
00006900   _EPwm5Regs
00006940   _EPwm6Regs
000081b8   _EQEP1_INT_ISR
000081c2   _EQEP2_INT_ISR
00006b00   _EQep1Regs
00006b40   _EQep2Regs
00008ac5   _EnableInterrupts
00000a80   _FlashRegs
00006f80   _GpioCtrlRegs
00006fc0   _GpioDataRegs
00006fe0   _GpioIntRegs
00008244   _I2CINT1A_ISR
0000824e   _I2CINT2A_ISR
00007900   _I2caRegs
0000803c   _ILLEGAL_ISR
00008000   _INT13_ISR
0000800a   _INT14_ISR
000087e0   _InitCpuTimers
00008bdf   _InitFlash
00008b86   _InitI2C
00008b87   _InitI2CGpio
000086cc   _InitPeripheralClocks
00008aa6   _InitPieCtrl
00008b11   _InitPieVectTable
0000867e   _InitPll
00008663   _InitSysCtrl
0000856d   _InitXintf
00008609   _InitXintf16Gpio
000085c2   _InitXintf32Gpio
0000c240   _Input
000082f8   _LUF_ISR
000082ee   _LVF_ISR
000081f4   _MRINTA_ISR
000081e0   _MRINTB_ISR
00008323   _MUL
000081fe   _MXINTA_ISR
000081ea   _MXINTB_ISR
00008359   _MYFFT
00005000   _McbspaRegs
00005040   _McbspbRegs
0000849a   _ModelComplex
0000c000   _N
00008032   _NMI_ISR
0000830f   _PIE_RESERVED
00000ce0   _PieCtrlRegs
00000d00   _PieVectTable
0000c862   _PieVectTableInit
0000801e   _RTOSINT_ISR
0000826c   _SCIRXINTA_ISR
00008280   _SCIRXINTB_ISR
00008258   _SCIRXINTC_ISR
00008276   _SCITXINTA_ISR
0000828a   _SCITXINTB_ISR
00008262   _SCITXINTC_ISR
000080be   _SEQ1INT_ISR
000080c8   _SEQ2INT_ISR
000081cc   _SPIRXINTA_ISR
000081d6   _SPITXINTA_ISR
0000c440   _Sample
00007050   _SciaRegs
00007750   _ScibRegs
00007770   _ScicRegs
0000866c   _ServiceDog
00007040   _SpiaRegs
00007010   _SysCtrlRegs
0000c00a   _T
000080f0   _TINT0_ISR
000080a0   _USER10_ISR
000080aa   _USER11_ISR
000080b4   _USER12_ISR
00008046   _USER1_ISR
00008050   _USER2_ISR
0000805a   _USER3_ISR
00008064   _USER4_ISR
0000806e   _USER5_ISR
00008078   _USER6_ISR
00008082   _USER7_ISR
0000808c   _USER8_ISR
00008096   _USER9_ISR
0000c006   _Vn
000080fa   _WAKEINT_ISR
0000c002   _Wn
000080d2   _XINT1_ISR
000080dc   _XINT2_ISR
000082bc   _XINT3_ISR
000082c6   _XINT4_ISR
000082d0   _XINT5_ISR
000082da   _XINT6_ISR
000082e4   _XINT7_ISR
00007070   _XIntruptRegs
00000b20   _XintfRegs
000007e8   __STACK_END
000003e8   __STACK_SIZE
00000001   __TI_args_main
ffffffff   ___binit__
ffffffff   ___c_args__
00008bbc   ___cinit__
00008bbc   ___etext__
00008af0   ___memcpy_ff
ffffffff   ___pinit__
00008000   ___text__
00008b52   __args_main
0000c85c   __cleanup_ptr
0000c85e   __dtors_ptr
0000c85a   __lock
000089d9   __log
00008bbb   __nop
00008bb7   __register_lock
00008bb3   __register_unlock
00000400   __stack
0000c858   __unlock
00008b6d   _abort
00008a27   _c_int00
000088c7   _cos
0000c860   _errno
00008b6f   _exit
0000885a   _exp
00008b9d   _frexp
00008a6d   _ldexp
000084da   _main
0000c040   _output
00008981   _pow
00008319   _rsvd_ISR
00008925   _sin
00008b32   _sqrt
ffffffff   binit
00008bbc   cinit
00008bbc   etext
ffffffff   pinit


GLOBAL SYMBOLS: SORTED BY Symbol Address 

address    name
--------   ----
00000001   __TI_args_main
000003e8   __STACK_SIZE
00000400   __stack
000007e8   __STACK_END
00000880   _DevEmuRegs
00000a80   _FlashRegs
00000ae0   _CsmRegs
00000b00   _AdcMirror
00000b20   _XintfRegs
00000c00   _CpuTimer0Regs
00000c08   _CpuTimer1Regs
00000c10   _CpuTimer2Regs
00000ce0   _PieCtrlRegs
00000d00   _PieVectTable
00001000   _DmaRegs
00005000   _McbspaRegs
00005040   _McbspbRegs
00006000   _ECanaRegs
00006040   _ECanaLAMRegs
00006080   _ECanaMOTSRegs
000060c0   _ECanaMOTORegs
00006100   _ECanaMboxes
00006200   _ECanbRegs
00006240   _ECanbLAMRegs
00006280   _ECanbMOTSRegs
000062c0   _ECanbMOTORegs
00006300   _ECanbMboxes
00006800   _EPwm1Regs
00006840   _EPwm2Regs
00006880   _EPwm3Regs
000068c0   _EPwm4Regs
00006900   _EPwm5Regs
00006940   _EPwm6Regs
00006a00   _ECap1Regs
00006a20   _ECap2Regs
00006a40   _ECap3Regs
00006a60   _ECap4Regs
00006a80   _ECap5Regs
00006aa0   _ECap6Regs
00006b00   _EQep1Regs
00006b40   _EQep2Regs
00006f80   _GpioCtrlRegs
00006fc0   _GpioDataRegs
00006fe0   _GpioIntRegs
00007010   _SysCtrlRegs
00007040   _SpiaRegs
00007050   _SciaRegs
00007070   _XIntruptRegs
00007100   _AdcRegs
00007750   _ScibRegs
00007770   _ScicRegs
00007900   _I2caRegs
00008000   .text
00008000   _INT13_ISR
00008000   ___text__
0000800a   _INT14_ISR
00008014   _DATALOG_ISR
0000801e   _RTOSINT_ISR
00008028   _EMUINT_ISR
00008032   _NMI_ISR
0000803c   _ILLEGAL_ISR
00008046   _USER1_ISR
00008050   _USER2_ISR
0000805a   _USER3_ISR
00008064   _USER4_ISR
0000806e   _USER5_ISR
00008078   _USER6_ISR
00008082   _USER7_ISR
0000808c   _USER8_ISR
00008096   _USER9_ISR
000080a0   _USER10_ISR
000080aa   _USER11_ISR
000080b4   _USER12_ISR
000080be   _SEQ1INT_ISR
000080c8   _SEQ2INT_ISR
000080d2   _XINT1_ISR
000080dc   _XINT2_ISR
000080e6   _ADCINT_ISR
000080f0   _TINT0_ISR
000080fa   _WAKEINT_ISR
00008104   _EPWM1_TZINT_ISR
0000810e   _EPWM2_TZINT_ISR
00008118   _EPWM3_TZINT_ISR
00008122   _EPWM4_TZINT_ISR
0000812c   _EPWM5_TZINT_ISR
00008136   _EPWM6_TZINT_ISR
00008140   _EPWM1_INT_ISR
0000814a   _EPWM2_INT_ISR
00008154   _EPWM3_INT_ISR
0000815e   _EPWM4_INT_ISR
00008168   _EPWM5_INT_ISR
00008172   _EPWM6_INT_ISR
0000817c   _ECAP1_INT_ISR
00008186   _ECAP2_INT_ISR
00008190   _ECAP3_INT_ISR
0000819a   _ECAP4_INT_ISR
000081a4   _ECAP5_INT_ISR
000081ae   _ECAP6_INT_ISR
000081b8   _EQEP1_INT_ISR
000081c2   _EQEP2_INT_ISR
000081cc   _SPIRXINTA_ISR
000081d6   _SPITXINTA_ISR
000081e0   _MRINTB_ISR
000081ea   _MXINTB_ISR
000081f4   _MRINTA_ISR
000081fe   _MXINTA_ISR
00008208   _DINTCH1_ISR
00008212   _DINTCH2_ISR
0000821c   _DINTCH3_ISR
00008226   _DINTCH4_ISR
00008230   _DINTCH5_ISR
0000823a   _DINTCH6_ISR
00008244   _I2CINT1A_ISR
0000824e   _I2CINT2A_ISR
00008258   _SCIRXINTC_ISR
00008262   _SCITXINTC_ISR
0000826c   _SCIRXINTA_ISR
00008276   _SCITXINTA_ISR
00008280   _SCIRXINTB_ISR
0000828a   _SCITXINTB_ISR
00008294   _ECAN0INTA_ISR
0000829e   _ECAN1INTA_ISR
000082a8   _ECAN0INTB_ISR
000082b2   _ECAN1INTB_ISR
000082bc   _XINT3_ISR
000082c6   _XINT4_ISR
000082d0   _XINT5_ISR
000082da   _XINT6_ISR
000082e4   _XINT7_ISR
000082ee   _LVF_ISR
000082f8   _LUF_ISR
00008302   _EMPTY_ISR
0000830f   _PIE_RESERVED
00008319   _rsvd_ISR
00008323   _MUL
00008359   _MYFFT
0000849a   _ModelComplex
000084da   _main
0000856d   _InitXintf
000085c2   _InitXintf32Gpio
00008609   _InitXintf16Gpio
00008663   _InitSysCtrl
0000866c   _ServiceDog
00008676   _DisableDog
0000867e   _InitPll
000086cc   _InitPeripheralClocks
00008727   _CsmUnlock
00008758   FS$$DIV
000087e0   _InitCpuTimers
0000881f   _ConfigCpuTimer
0000885a   _exp
000088c7   _cos
00008925   _sin
00008981   _pow
000089d9   __log
00008a27   _c_int00
00008a6d   _ldexp
00008aa6   _InitPieCtrl
00008ac5   _EnableInterrupts
00008ace   I$$DIV
00008adf   I$$MOD
00008af0   ___memcpy_ff
00008b11   _InitPieVectTable
00008b32   _sqrt
00008b52   __args_main
00008b6d   C$$EXIT
00008b6d   _abort
00008b6f   _exit
00008b86   _InitI2C
00008b87   _InitI2CGpio
00008b9d   _frexp
00008bb3   __register_unlock
00008bb7   __register_lock
00008bbb   __nop
00008bbc   ___cinit__
00008bbc   ___etext__
00008bbc   cinit
00008bbc   etext
00008bdf   _InitFlash
00008bfa   _DSP28x_usDelay
0000c000   _N
0000c002   _Wn
0000c006   _Vn
0000c00a   _T
0000c040   _output
0000c240   _Input
0000c440   _Sample
0000c840   _CpuTimer1
0000c848   _CpuTimer2
0000c850   _CpuTimer0
0000c858   __unlock
0000c85a   __lock
0000c85c   __cleanup_ptr
0000c85e   __dtors_ptr
0000c860   _errno
0000c862   _PieVectTableInit
0033fff8   _CsmPwl
00380080   _ADC_cal
ffffffff   ___binit__
ffffffff   ___c_args__
ffffffff   ___pinit__
ffffffff   binit
ffffffff   pinit

[203 symbols]
