******************************************************************************
             TMS320C2000 Linker PC v5.2.3                      
******************************************************************************
>> Linked Wed Jul 16 09:56:54 2014

OUTPUT FILE NAME:   <SD.out>
ENTRY POINT SYMBOL: "_c_int00"  address: 00009fe9


MEMORY CONFIGURATION

         name            origin    length      used     unused   attr    fill
----------------------  --------  ---------  --------  --------  ----  --------
PAGE 0:
  BEGIN                 00000000   00000002  00000002  00000000  RWIX
  BOOT_RSVD             00000002   0000004e  00000000  0000004e  RWIX
  RAMM0                 00000050   000003b0  00000000  000003b0  RWIX
  RAML                  00008000   00004000  0000217e  00001e82  RWIX
  ZONE7A                00200000   0000fc00  00000000  0000fc00  RWIX
  CSM_RSVD              0033ff80   00000076  00000000  00000076  RWIX
  CSM_PWL               0033fff8   00000008  00000000  00000008  RWIX
  ADC_CAL               00380080   00000009  00000000  00000009  RWIX
  IQTABLES              003fe000   00000b50  00000000  00000b50  RWIX
  IQTABLES2             003feb50   0000008c  00000000  0000008c  RWIX
  FPUTABLES             003febdc   000006a0  00000000  000006a0  RWIX
  BOOTROM               003ff27c   00000d44  00000000  00000d44  RWIX
  RESET                 003fffc0   00000002  00000000  00000002  RWIX

PAGE 1:
  RAMM                  00000400   00000400  000003e8  00000018  RWIX
  DEV_EMU               00000880   00000180  000000d0  000000b0  RWIX
  FLASH_REGS            00000a80   00000060  00000008  00000058  RWIX
  CSM                   00000ae0   00000010  00000010  00000000  RWIX
  ADC_MIRROR            00000b00   00000010  00000010  00000000  RWIX
  XINTF                 00000b20   00000020  0000001e  00000002  RWIX
  CPU_TIMER0            00000c00   00000008  00000008  00000000  RWIX
  CPU_TIMER1            00000c08   00000008  00000008  00000000  RWIX
  CPU_TIMER2            00000c10   00000008  00000008  00000000  RWIX
  PIE_CTRL              00000ce0   00000020  0000001a  00000006  RWIX
  PIE_VECT              00000d00   00000100  00000100  00000000  RWIX
  DMA                   00001000   00000200  000000e0  00000120  RWIX
  MCBSPA                00005000   00000040  00000025  0000001b  RWIX
  MCBSPB                00005040   00000040  00000025  0000001b  RWIX
  ECANA                 00006000   00000040  00000034  0000000c  RWIX
  ECANA_LAM             00006040   00000040  00000040  00000000  RWIX
  ECANA_MOTS            00006080   00000040  00000040  00000000  RWIX
  ECANA_MOTO            000060c0   00000040  00000040  00000000  RWIX
  ECANA_MBOX            00006100   00000100  00000100  00000000  RWIX
  ECANB                 00006200   00000040  00000034  0000000c  RWIX
  ECANB_LAM             00006240   00000040  00000040  00000000  RWIX
  ECANB_MOTS            00006280   00000040  00000040  00000000  RWIX
  ECANB_MOTO            000062c0   00000040  00000040  00000000  RWIX
  ECANB_MBOX            00006300   00000100  00000100  00000000  RWIX
  EPWM1                 00006800   00000022  00000022  00000000  RWIX
  EPWM2                 00006840   00000022  00000022  00000000  RWIX
  EPWM3                 00006880   00000022  00000022  00000000  RWIX
  EPWM4                 000068c0   00000022  00000022  00000000  RWIX
  EPWM5                 00006900   00000022  00000022  00000000  RWIX
  EPWM6                 00006940   00000022  00000022  00000000  RWIX
  ECAP1                 00006a00   00000020  00000020  00000000  RWIX
  ECAP2                 00006a20   00000020  00000020  00000000  RWIX
  ECAP3                 00006a40   00000020  00000020  00000000  RWIX
  ECAP4                 00006a60   00000020  00000020  00000000  RWIX
  ECAP5                 00006a80   00000020  00000020  00000000  RWIX
  ECAP6                 00006aa0   00000020  00000020  00000000  RWIX
  EQEP1                 00006b00   00000040  00000040  00000000  RWIX
  EQEP2                 00006b40   00000040  00000040  00000000  RWIX
  GPIOCTRL              00006f80   00000040  0000002e  00000012  RWIX
  GPIODAT               00006fc0   00000020  00000020  00000000  RWIX
  GPIOINT               00006fe0   00000020  0000000a  00000016  RWIX
  SYSTEM                00007010   00000020  00000020  00000000  RWIX
  SPIA                  00007040   00000010  00000010  00000000  RWIX
  SCIA                  00007050   00000010  00000010  00000000  RWIX
  XINTRUPT              00007070   00000010  00000010  00000000  RWIX
  ADC                   00007100   00000020  0000001e  00000002  RWIX
  SCIB                  00007750   00000010  00000010  00000000  RWIX
  SCIC                  00007770   00000010  00000010  00000000  RWIX
  I2CA                  00007900   00000040  00000022  0000001e  RWIX
  RAMH                  0000c000   00004000  00000847  000037b9  RWIX
  ZONE7B                0020fc00   00000400  00000000  00000400  RWIX
  CSM_PWL               0033fff8   00000008  00000008  00000000  RWIX


SECTION ALLOCATION MAP

 output                                  attributes/
section   page    origin      length       input sections
--------  ----  ----------  ----------   ----------------
codestart 
*          0    00000000    00000002     
                  00000000    00000002     DSP2833x_CodeStartBranch.obj (codestart)

.pinit     0    00008000    00000000     UNINITIALIZED

.text      0    00008000    00002109     
                  00008000    00001456     ff.obj (.text)
                  00009456    00000323     DSP2833x_DefaultIsr.obj (.text)
                  00009779    00000157     SD_SPI_Initialization.obj (.text)
                  000098d0    000000f6     DSP2833x_Xintf.obj (.text)
                  000099c6    000000f0     DSP2833x_SysCtrl.obj (.text)
                  00009ab6    000000e8     SD_SPI_Write.obj (.text)
                  00009b9e    000000cd     SD_SPI_Read.obj (.text)
                  00009c6b    000000b3     SD_SPI_Registers.obj (.text)
                  00009d1e    000000a7     SD_SPI_Transmission.obj (.text)
                  00009dc5    00000089     diskio.obj (.text)
                  00009e4e    0000007a     DSP2833x_CpuTimers.obj (.text)
                  00009ec8    00000074     disk_sd.obj (.text)
                  00009f3c    00000065     SD_SPI_Erase.obj (.text)
                  00009fa1    00000048     main.obj (.text)
                  00009fe9    00000046     rts2800_fpu32.lib : boot.obj (.text)
                  0000a02f    0000002c     DSP2833x_Spi.obj (.text)
                  0000a05b    00000028     DSP2833x_PieCtrl.obj (.text)
                  0000a083    00000021     rts2800_fpu32.lib : memcpy_ff.obj (.text)
                  0000a0a4    00000020     DSP2833x_PieVect.obj (.text)
                  0000a0c4    0000001b     rts2800_fpu32.lib : args_main.obj (.text)
                  0000a0df    00000019                       : exit.obj (.text)
                  0000a0f8    00000009                       : _lock.obj (.text)
                  0000a101    00000008     DSP2833x_CodeStartBranch.obj (.text)

.cinit     0    0000a109    00000056     
                  0000a109    00000030     main.obj (.cinit)
                  0000a139    0000000c     SD_SPI_Initialization.obj (.cinit)
                  0000a145    0000000a     rts2800_fpu32.lib : _lock.obj (.cinit)
                  0000a14f    0000000a                       : exit.obj (.cinit)
                  0000a159    00000004     diskio.obj (.cinit)
                  0000a15d    00000002     --HOLE-- [fill = 0]

ramfuncs   0    0000a15f    0000001f     
                  0000a15f    0000001b     DSP2833x_SysCtrl.obj (ramfuncs)
                  0000a17a    00000004     DSP2833x_usDelay.obj (ramfuncs)

csm_rsvd   0    0033ff80    00000000     DSECT

csmpasswds 
*          0    0033fff8    00000000     DSECT

.reset     0    003fffc0    00000002     DSECT
                  003fffc0    00000002     rts2800_fpu32.lib : boot.obj (.reset)

.stack     1    00000400    000003e8     UNINITIALIZED
                  00000400    000003e8     --HOLE--

DevEmuRegsFile 
*          1    00000880    000000d0     UNINITIALIZED
                  00000880    000000d0     DSP2833x_GlobalVariableDefs.obj (DevEmuRegsFile)

FlashRegsFile 
*          1    00000a80    00000008     UNINITIALIZED
                  00000a80    00000008     DSP2833x_GlobalVariableDefs.obj (FlashRegsFile)

CsmRegsFile 
*          1    00000ae0    00000010     UNINITIALIZED
                  00000ae0    00000010     DSP2833x_GlobalVariableDefs.obj (CsmRegsFile)

AdcMirrorFile 
*          1    00000b00    00000010     UNINITIALIZED
                  00000b00    00000010     DSP2833x_GlobalVariableDefs.obj (AdcMirrorFile)

XintfRegsFile 
*          1    00000b20    0000001e     UNINITIALIZED
                  00000b20    0000001e     DSP2833x_GlobalVariableDefs.obj (XintfRegsFile)

CpuTimer0RegsFile 
*          1    00000c00    00000008     UNINITIALIZED
                  00000c00    00000008     DSP2833x_GlobalVariableDefs.obj (CpuTimer0RegsFile)

CpuTimer1RegsFile 
*          1    00000c08    00000008     UNINITIALIZED
                  00000c08    00000008     DSP2833x_GlobalVariableDefs.obj (CpuTimer1RegsFile)

CpuTimer2RegsFile 
*          1    00000c10    00000008     UNINITIALIZED
                  00000c10    00000008     DSP2833x_GlobalVariableDefs.obj (CpuTimer2RegsFile)

PieCtrlRegsFile 
*          1    00000ce0    0000001a     UNINITIALIZED
                  00000ce0    0000001a     DSP2833x_GlobalVariableDefs.obj (PieCtrlRegsFile)

PieVectTableFile 
*          1    00000d00    00000100     UNINITIALIZED
                  00000d00    00000100     DSP2833x_GlobalVariableDefs.obj (PieVectTableFile)

DmaRegsFile 
*          1    00001000    000000e0     UNINITIALIZED
                  00001000    000000e0     DSP2833x_GlobalVariableDefs.obj (DmaRegsFile)

McbspaRegsFile 
*          1    00005000    00000025     UNINITIALIZED
                  00005000    00000025     DSP2833x_GlobalVariableDefs.obj (McbspaRegsFile)

McbspbRegsFile 
*          1    00005040    00000025     UNINITIALIZED
                  00005040    00000025     DSP2833x_GlobalVariableDefs.obj (McbspbRegsFile)

ECanaRegsFile 
*          1    00006000    00000034     UNINITIALIZED
                  00006000    00000034     DSP2833x_GlobalVariableDefs.obj (ECanaRegsFile)

ECanaLAMRegsFile 
*          1    00006040    00000040     UNINITIALIZED
                  00006040    00000040     DSP2833x_GlobalVariableDefs.obj (ECanaLAMRegsFile)

ECanaMOTSRegsFile 
*          1    00006080    00000040     UNINITIALIZED
                  00006080    00000040     DSP2833x_GlobalVariableDefs.obj (ECanaMOTSRegsFile)

ECanaMOTORegsFile 
*          1    000060c0    00000040     UNINITIALIZED
                  000060c0    00000040     DSP2833x_GlobalVariableDefs.obj (ECanaMOTORegsFile)

ECanaMboxesFile 
*          1    00006100    00000100     UNINITIALIZED
                  00006100    00000100     DSP2833x_GlobalVariableDefs.obj (ECanaMboxesFile)

ECanbRegsFile 
*          1    00006200    00000034     UNINITIALIZED
                  00006200    00000034     DSP2833x_GlobalVariableDefs.obj (ECanbRegsFile)

ECanbLAMRegsFile 
*          1    00006240    00000040     UNINITIALIZED
                  00006240    00000040     DSP2833x_GlobalVariableDefs.obj (ECanbLAMRegsFile)

ECanbMOTSRegsFile 
*          1    00006280    00000040     UNINITIALIZED
                  00006280    00000040     DSP2833x_GlobalVariableDefs.obj (ECanbMOTSRegsFile)

ECanbMOTORegsFile 
*          1    000062c0    00000040     UNINITIALIZED
                  000062c0    00000040     DSP2833x_GlobalVariableDefs.obj (ECanbMOTORegsFile)

ECanbMboxesFile 
*          1    00006300    00000100     UNINITIALIZED
                  00006300    00000100     DSP2833x_GlobalVariableDefs.obj (ECanbMboxesFile)

EPwm1RegsFile 
*          1    00006800    00000022     UNINITIALIZED
                  00006800    00000022     DSP2833x_GlobalVariableDefs.obj (EPwm1RegsFile)

EPwm2RegsFile 
*          1    00006840    00000022     UNINITIALIZED
                  00006840    00000022     DSP2833x_GlobalVariableDefs.obj (EPwm2RegsFile)

EPwm3RegsFile 
*          1    00006880    00000022     UNINITIALIZED
                  00006880    00000022     DSP2833x_GlobalVariableDefs.obj (EPwm3RegsFile)

EPwm4RegsFile 
*          1    000068c0    00000022     UNINITIALIZED
                  000068c0    00000022     DSP2833x_GlobalVariableDefs.obj (EPwm4RegsFile)

EPwm5RegsFile 
*          1    00006900    00000022     UNINITIALIZED
                  00006900    00000022     DSP2833x_GlobalVariableDefs.obj (EPwm5RegsFile)

EPwm6RegsFile 
*          1    00006940    00000022     UNINITIALIZED
                  00006940    00000022     DSP2833x_GlobalVariableDefs.obj (EPwm6RegsFile)

ECap1RegsFile 
*          1    00006a00    00000020     UNINITIALIZED
                  00006a00    00000020     DSP2833x_GlobalVariableDefs.obj (ECap1RegsFile)

ECap2RegsFile 
*          1    00006a20    00000020     UNINITIALIZED
                  00006a20    00000020     DSP2833x_GlobalVariableDefs.obj (ECap2RegsFile)

ECap3RegsFile 
*          1    00006a40    00000020     UNINITIALIZED
                  00006a40    00000020     DSP2833x_GlobalVariableDefs.obj (ECap3RegsFile)

ECap4RegsFile 
*          1    00006a60    00000020     UNINITIALIZED
                  00006a60    00000020     DSP2833x_GlobalVariableDefs.obj (ECap4RegsFile)

ECap5RegsFile 
*          1    00006a80    00000020     UNINITIALIZED
                  00006a80    00000020     DSP2833x_GlobalVariableDefs.obj (ECap5RegsFile)

ECap6RegsFile 
*          1    00006aa0    00000020     UNINITIALIZED
                  00006aa0    00000020     DSP2833x_GlobalVariableDefs.obj (ECap6RegsFile)

EQep1RegsFile 
*          1    00006b00    00000040     UNINITIALIZED
                  00006b00    00000040     DSP2833x_GlobalVariableDefs.obj (EQep1RegsFile)

EQep2RegsFile 
*          1    00006b40    00000040     UNINITIALIZED
                  00006b40    00000040     DSP2833x_GlobalVariableDefs.obj (EQep2RegsFile)

GpioCtrlRegsFile 
*          1    00006f80    0000002e     UNINITIALIZED
                  00006f80    0000002e     DSP2833x_GlobalVariableDefs.obj (GpioCtrlRegsFile)

GpioDataRegsFile 
*          1    00006fc0    00000020     UNINITIALIZED
                  00006fc0    00000020     DSP2833x_GlobalVariableDefs.obj (GpioDataRegsFile)

GpioIntRegsFile 
*          1    00006fe0    0000000a     UNINITIALIZED
                  00006fe0    0000000a     DSP2833x_GlobalVariableDefs.obj (GpioIntRegsFile)

SysCtrlRegsFile 
*          1    00007010    00000020     UNINITIALIZED
                  00007010    00000020     DSP2833x_GlobalVariableDefs.obj (SysCtrlRegsFile)

SpiaRegsFile 
*          1    00007040    00000010     UNINITIALIZED
                  00007040    00000010     DSP2833x_GlobalVariableDefs.obj (SpiaRegsFile)

SciaRegsFile 
*          1    00007050    00000010     UNINITIALIZED
                  00007050    00000010     DSP2833x_GlobalVariableDefs.obj (SciaRegsFile)

XIntruptRegsFile 
*          1    00007070    00000010     UNINITIALIZED
                  00007070    00000010     DSP2833x_GlobalVariableDefs.obj (XIntruptRegsFile)

AdcRegsFile 
*          1    00007100    0000001e     UNINITIALIZED
                  00007100    0000001e     DSP2833x_GlobalVariableDefs.obj (AdcRegsFile)

ScibRegsFile 
*          1    00007750    00000010     UNINITIALIZED
                  00007750    00000010     DSP2833x_GlobalVariableDefs.obj (ScibRegsFile)

ScicRegsFile 
*          1    00007770    00000010     UNINITIALIZED
                  00007770    00000010     DSP2833x_GlobalVariableDefs.obj (ScicRegsFile)

I2caRegsFile 
*          1    00007900    00000022     UNINITIALIZED
                  00007900    00000022     DSP2833x_GlobalVariableDefs.obj (I2caRegsFile)

.ebss      1    0000c000    0000072b     UNINITIALIZED
                  0000c000    0000069a     main.obj (.ebss)
                  0000c69a    00000018     DSP2833x_CpuTimers.obj (.ebss)
                  0000c6b2    00000004     ff.obj (.ebss)
                  0000c6b6    00000004     rts2800_fpu32.lib : _lock.obj (.ebss)
                  0000c6ba    00000004                       : exit.obj (.ebss)
                  0000c6be    00000001     diskio.obj (.ebss)
                  0000c6bf    00000001     --HOLE--
                  0000c6c0    0000003a     disk_sd.obj (.ebss)
                  0000c6fa    00000006     --HOLE--
                  0000c700    0000002b     SD_SPI_Initialization.obj (.ebss)

.econst    1    0000c72c    0000011c     
                  0000c72c    00000100     DSP2833x_PieVect.obj (.econst)
                  0000c82c    0000000f     ff.obj (.econst:.string)
                  0000c83b    0000000d     main.obj (.econst:_$P$T0$1)

CsmPwlFile 
*          1    0033fff8    00000008     UNINITIALIZED
                  0033fff8    00000008     DSP2833x_GlobalVariableDefs.obj (CsmPwlFile)


GLOBAL SYMBOLS: SORTED ALPHABETICALLY BY Name 

address    name
--------   ----
00008000   .text
0000a0df   C$$EXIT
0000953c   _ADCINT_ISR
00000b00   _AdcMirror
00007100   _AdcRegs
00009e8d   _ConfigCpuTimer
0000c6aa   _CpuTimer0
00000c00   _CpuTimer0Regs
0000c69a   _CpuTimer1
00000c08   _CpuTimer1Regs
0000c6a2   _CpuTimer2
00000c10   _CpuTimer2Regs
0033fff8   _CsmPwl
00000ae0   _CsmRegs
00009a85   _CsmUnlock
0000946a   _DATALOG_ISR
0000965e   _DINTCH1_ISR
00009668   _DINTCH2_ISR
00009672   _DINTCH3_ISR
0000967c   _DINTCH4_ISR
00009686   _DINTCH5_ISR
00009690   _DINTCH6_ISR
0000a17a   _DSP28x_usDelay
00000880   _DevEmuRegs
000099d9   _DisableDog
00001000   _DmaRegs
000096ea   _ECAN0INTA_ISR
000096fe   _ECAN0INTB_ISR
000096f4   _ECAN1INTA_ISR
00009708   _ECAN1INTB_ISR
000095d2   _ECAP1_INT_ISR
000095dc   _ECAP2_INT_ISR
000095e6   _ECAP3_INT_ISR
000095f0   _ECAP4_INT_ISR
000095fa   _ECAP5_INT_ISR
00009604   _ECAP6_INT_ISR
00006040   _ECanaLAMRegs
000060c0   _ECanaMOTORegs
00006080   _ECanaMOTSRegs
00006100   _ECanaMboxes
00006000   _ECanaRegs
00006240   _ECanbLAMRegs
000062c0   _ECanbMOTORegs
00006280   _ECanbMOTSRegs
00006300   _ECanbMboxes
00006200   _ECanbRegs
00006a00   _ECap1Regs
00006a20   _ECap2Regs
00006a40   _ECap3Regs
00006a60   _ECap4Regs
00006a80   _ECap5Regs
00006aa0   _ECap6Regs
00009758   _EMPTY_ISR
0000947e   _EMUINT_ISR
00009596   _EPWM1_INT_ISR
0000955a   _EPWM1_TZINT_ISR
000095a0   _EPWM2_INT_ISR
00009564   _EPWM2_TZINT_ISR
000095aa   _EPWM3_INT_ISR
0000956e   _EPWM3_TZINT_ISR
000095b4   _EPWM4_INT_ISR
00009578   _EPWM4_TZINT_ISR
000095be   _EPWM5_INT_ISR
00009582   _EPWM5_TZINT_ISR
000095c8   _EPWM6_INT_ISR
0000958c   _EPWM6_TZINT_ISR
00006800   _EPwm1Regs
00006840   _EPwm2Regs
00006880   _EPwm3Regs
000068c0   _EPwm4Regs
00006900   _EPwm5Regs
00006940   _EPwm6Regs
0000960e   _EQEP1_INT_ISR
00009618   _EQEP2_INT_ISR
00006b00   _EQep1Regs
00006b40   _EQep2Regs
0000a07a   _EnableInterrupts
00000a80   _FlashRegs
00006f80   _GpioCtrlRegs
00006fc0   _GpioDataRegs
00006fe0   _GpioIntRegs
0000969a   _I2CINT1A_ISR
000096a4   _I2CINT2A_ISR
00007900   _I2caRegs
00009492   _ILLEGAL_ISR
00009456   _INT13_ISR
00009460   _INT14_ISR
00009e4e   _InitCpuTimers
0000a15f   _InitFlash
00009a2f   _InitPeripheralClocks
0000a05b   _InitPieCtrl
0000a0a4   _InitPieVectTable
000099e1   _InitPll
0000a02f   _InitSpi
0000a030   _InitSpiGpio
0000a033   _InitSpiaGpio
000099c6   _InitSysCtrl
000098d0   _InitXintf
0000996c   _InitXintf16Gpio
00009925   _InitXintf32Gpio
0000974e   _LUF_ISR
00009744   _LVF_ISR
0000964a   _MRINTA_ISR
00009636   _MRINTB_ISR
00009654   _MXINTA_ISR
00009640   _MXINTB_ISR
00005000   _McbspaRegs
00005040   _McbspbRegs
00009488   _NMI_ISR
00009765   _PIE_RESERVED
00000ce0   _PieCtrlRegs
00000d00   _PieVectTable
0000c72c   _PieVectTableInit
00009474   _RTOSINT_ISR
000096c2   _SCIRXINTA_ISR
000096d6   _SCIRXINTB_ISR
000096ae   _SCIRXINTC_ISR
000096cc   _SCITXINTA_ISR
000096e0   _SCITXINTB_ISR
000096b8   _SCITXINTC_ISR
0000c6c0   _SDCardInfo
00009ec8   _SD_Init
00009ede   _SD_ReadBlock
00009ef5   _SD_ReadMultiBlocks
0000c6be   _SD_Stat
00009f0d   _SD_WriteBlock
00009f24   _SD_WriteMultiBlocks
00009514   _SEQ1INT_ISR
0000951e   _SEQ2INT_ISR
00009622   _SPIRXINTA_ISR
0000962c   _SPITXINTA_ISR
00007050   _SciaRegs
00007750   _ScibRegs
00007770   _ScicRegs
000099cf   _ServiceDog
00007040   _SpiaRegs
00007010   _SysCtrlRegs
00009546   _TINT0_ISR
000094f6   _USER10_ISR
00009500   _USER11_ISR
0000950a   _USER12_ISR
0000949c   _USER1_ISR
000094a6   _USER2_ISR
000094b0   _USER3_ISR
000094ba   _USER4_ISR
000094c4   _USER5_ISR
000094ce   _USER6_ISR
000094d8   _USER7_ISR
000094e2   _USER8_ISR
000094ec   _USER9_ISR
00009550   _WAKEINT_ISR
00009528   _XINT1_ISR
00009532   _XINT2_ISR
00009712   _XINT3_ISR
0000971c   _XINT4_ISR
00009726   _XINT5_ISR
00009730   _XINT6_ISR
0000973a   _XINT7_ISR
00007070   _XIntruptRegs
00000b20   _XintfRegs
000007e8   __STACK_END
000003e8   __STACK_SIZE
00000001   __TI_args_main
ffffffff   ___binit__
ffffffff   ___c_args__
0000a109   ___cinit__
0000a109   ___etext__
0000a083   ___memcpy_ff
ffffffff   ___pinit__
00008000   ___text__
0000a0c4   __args_main
0000c6ba   __cleanup_ptr
0000c6bc   __dtors_ptr
0000c6b8   __lock
0000a100   __nop
0000a0fc   __register_lock
0000a0f8   __register_unlock
00000400   __stack
0000c6b6   __unlock
0000a0df   _abort
0000c001   _br
00009fe9   _c_int00
0000c704   _card_status
0000c71b   _cid_contents
00008151   _clust2sect
0000c703   _crc_enabled
0000c70b   _csd_contents
0000c701   _data_manipulation
00009dc5   _disk_initialize
00009e23   _disk_ioctl
00009dee   _disk_read
00009de1   _disk_status
00009e0a   _disk_write
0000a0e1   _exit
0000932b   _f_chmod
00008ea5   _f_close
00009085   _f_getfree
00008eb3   _f_lseek
00009222   _f_mkdir
00008aa2   _f_mount
00008ac4   _f_open
00008fd4   _f_opendir
00008bd4   _f_read
00009027   _f_readdir
000093a0   _f_rename
00009060   _f_stat
00008e15   _f_sync
00009140   _f_truncate
000091aa   _f_unlink
00009361   _f_utime
00008ce3   _f_write
0000c480   _fs
0000c240   _fsrc
00008169   _get_fat
00009e4b   _get_fattime
0000c702   _high_capacity
00009fa1   _main
0000c706   _ocr_contents
0000c040   _path
00008212   _put_fat
0000c000   _res
0000c700   _response
0000976f   _rsvd_ISR
00009786   _sd_card_insertion
00009cb0   _sd_cid_csd_response
00009d9a   _sd_command_response
00009d6d   _sd_crc7
00009c1b   _sd_data_response
00009f3c   _sd_erase_block
00009dbb   _sd_error
00009799   _sd_initialization
00009c99   _sd_ocr_response
00009b9e   _sd_read_block
00009bce   _sd_read_multiple_block
00009c6b   _sd_read_register
00009ced   _sd_send_status
000097f0   _sd_version1_initialization
00009853   _sd_version2_initialization
00009ab6   _sd_write_block
00009b35   _sd_write_data
00009aed   _sd_write_multiple_block
00009779   _spi_initialization
00009d1e   _spi_xmit_byte
00009d2c   _spi_xmit_command
0000c002   _textFileBuffer
ffffffff   binit
0000a109   cinit
00000000   code_start
0000a109   etext
ffffffff   pinit


GLOBAL SYMBOLS: SORTED BY Symbol Address 

address    name
--------   ----
00000000   code_start
00000001   __TI_args_main
000003e8   __STACK_SIZE
00000400   __stack
000007e8   __STACK_END
00000880   _DevEmuRegs
00000a80   _FlashRegs
00000ae0   _CsmRegs
00000b00   _AdcMirror
00000b20   _XintfRegs
00000c00   _CpuTimer0Regs
00000c08   _CpuTimer1Regs
00000c10   _CpuTimer2Regs
00000ce0   _PieCtrlRegs
00000d00   _PieVectTable
00001000   _DmaRegs
00005000   _McbspaRegs
00005040   _McbspbRegs
00006000   _ECanaRegs
00006040   _ECanaLAMRegs
00006080   _ECanaMOTSRegs
000060c0   _ECanaMOTORegs
00006100   _ECanaMboxes
00006200   _ECanbRegs
00006240   _ECanbLAMRegs
00006280   _ECanbMOTSRegs
000062c0   _ECanbMOTORegs
00006300   _ECanbMboxes
00006800   _EPwm1Regs
00006840   _EPwm2Regs
00006880   _EPwm3Regs
000068c0   _EPwm4Regs
00006900   _EPwm5Regs
00006940   _EPwm6Regs
00006a00   _ECap1Regs
00006a20   _ECap2Regs
00006a40   _ECap3Regs
00006a60   _ECap4Regs
00006a80   _ECap5Regs
00006aa0   _ECap6Regs
00006b00   _EQep1Regs
00006b40   _EQep2Regs
00006f80   _GpioCtrlRegs
00006fc0   _GpioDataRegs
00006fe0   _GpioIntRegs
00007010   _SysCtrlRegs
00007040   _SpiaRegs
00007050   _SciaRegs
00007070   _XIntruptRegs
00007100   _AdcRegs
00007750   _ScibRegs
00007770   _ScicRegs
00007900   _I2caRegs
00008000   .text
00008000   ___text__
00008151   _clust2sect
00008169   _get_fat
00008212   _put_fat
00008aa2   _f_mount
00008ac4   _f_open
00008bd4   _f_read
00008ce3   _f_write
00008e15   _f_sync
00008ea5   _f_close
00008eb3   _f_lseek
00008fd4   _f_opendir
00009027   _f_readdir
00009060   _f_stat
00009085   _f_getfree
00009140   _f_truncate
000091aa   _f_unlink
00009222   _f_mkdir
0000932b   _f_chmod
00009361   _f_utime
000093a0   _f_rename
00009456   _INT13_ISR
00009460   _INT14_ISR
0000946a   _DATALOG_ISR
00009474   _RTOSINT_ISR
0000947e   _EMUINT_ISR
00009488   _NMI_ISR
00009492   _ILLEGAL_ISR
0000949c   _USER1_ISR
000094a6   _USER2_ISR
000094b0   _USER3_ISR
000094ba   _USER4_ISR
000094c4   _USER5_ISR
000094ce   _USER6_ISR
000094d8   _USER7_ISR
000094e2   _USER8_ISR
000094ec   _USER9_ISR
000094f6   _USER10_ISR
00009500   _USER11_ISR
0000950a   _USER12_ISR
00009514   _SEQ1INT_ISR
0000951e   _SEQ2INT_ISR
00009528   _XINT1_ISR
00009532   _XINT2_ISR
0000953c   _ADCINT_ISR
00009546   _TINT0_ISR
00009550   _WAKEINT_ISR
0000955a   _EPWM1_TZINT_ISR
00009564   _EPWM2_TZINT_ISR
0000956e   _EPWM3_TZINT_ISR
00009578   _EPWM4_TZINT_ISR
00009582   _EPWM5_TZINT_ISR
0000958c   _EPWM6_TZINT_ISR
00009596   _EPWM1_INT_ISR
000095a0   _EPWM2_INT_ISR
000095aa   _EPWM3_INT_ISR
000095b4   _EPWM4_INT_ISR
000095be   _EPWM5_INT_ISR
000095c8   _EPWM6_INT_ISR
000095d2   _ECAP1_INT_ISR
000095dc   _ECAP2_INT_ISR
000095e6   _ECAP3_INT_ISR
000095f0   _ECAP4_INT_ISR
000095fa   _ECAP5_INT_ISR
00009604   _ECAP6_INT_ISR
0000960e   _EQEP1_INT_ISR
00009618   _EQEP2_INT_ISR
00009622   _SPIRXINTA_ISR
0000962c   _SPITXINTA_ISR
00009636   _MRINTB_ISR
00009640   _MXINTB_ISR
0000964a   _MRINTA_ISR
00009654   _MXINTA_ISR
0000965e   _DINTCH1_ISR
00009668   _DINTCH2_ISR
00009672   _DINTCH3_ISR
0000967c   _DINTCH4_ISR
00009686   _DINTCH5_ISR
00009690   _DINTCH6_ISR
0000969a   _I2CINT1A_ISR
000096a4   _I2CINT2A_ISR
000096ae   _SCIRXINTC_ISR
000096b8   _SCITXINTC_ISR
000096c2   _SCIRXINTA_ISR
000096cc   _SCITXINTA_ISR
000096d6   _SCIRXINTB_ISR
000096e0   _SCITXINTB_ISR
000096ea   _ECAN0INTA_ISR
000096f4   _ECAN1INTA_ISR
000096fe   _ECAN0INTB_ISR
00009708   _ECAN1INTB_ISR
00009712   _XINT3_ISR
0000971c   _XINT4_ISR
00009726   _XINT5_ISR
00009730   _XINT6_ISR
0000973a   _XINT7_ISR
00009744   _LVF_ISR
0000974e   _LUF_ISR
00009758   _EMPTY_ISR
00009765   _PIE_RESERVED
0000976f   _rsvd_ISR
00009779   _spi_initialization
00009786   _sd_card_insertion
00009799   _sd_initialization
000097f0   _sd_version1_initialization
00009853   _sd_version2_initialization
000098d0   _InitXintf
00009925   _InitXintf32Gpio
0000996c   _InitXintf16Gpio
000099c6   _InitSysCtrl
000099cf   _ServiceDog
000099d9   _DisableDog
000099e1   _InitPll
00009a2f   _InitPeripheralClocks
00009a85   _CsmUnlock
00009ab6   _sd_write_block
00009aed   _sd_write_multiple_block
00009b35   _sd_write_data
00009b9e   _sd_read_block
00009bce   _sd_read_multiple_block
00009c1b   _sd_data_response
00009c6b   _sd_read_register
00009c99   _sd_ocr_response
00009cb0   _sd_cid_csd_response
00009ced   _sd_send_status
00009d1e   _spi_xmit_byte
00009d2c   _spi_xmit_command
00009d6d   _sd_crc7
00009d9a   _sd_command_response
00009dbb   _sd_error
00009dc5   _disk_initialize
00009de1   _disk_status
00009dee   _disk_read
00009e0a   _disk_write
00009e23   _disk_ioctl
00009e4b   _get_fattime
00009e4e   _InitCpuTimers
00009e8d   _ConfigCpuTimer
00009ec8   _SD_Init
00009ede   _SD_ReadBlock
00009ef5   _SD_ReadMultiBlocks
00009f0d   _SD_WriteBlock
00009f24   _SD_WriteMultiBlocks
00009f3c   _sd_erase_block
00009fa1   _main
00009fe9   _c_int00
0000a02f   _InitSpi
0000a030   _InitSpiGpio
0000a033   _InitSpiaGpio
0000a05b   _InitPieCtrl
0000a07a   _EnableInterrupts
0000a083   ___memcpy_ff
0000a0a4   _InitPieVectTable
0000a0c4   __args_main
0000a0df   C$$EXIT
0000a0df   _abort
0000a0e1   _exit
0000a0f8   __register_unlock
0000a0fc   __register_lock
0000a100   __nop
0000a109   ___cinit__
0000a109   ___etext__
0000a109   cinit
0000a109   etext
0000a15f   _InitFlash
0000a17a   _DSP28x_usDelay
0000c000   _res
0000c001   _br
0000c002   _textFileBuffer
0000c040   _path
0000c240   _fsrc
0000c480   _fs
0000c69a   _CpuTimer1
0000c6a2   _CpuTimer2
0000c6aa   _CpuTimer0
0000c6b6   __unlock
0000c6b8   __lock
0000c6ba   __cleanup_ptr
0000c6bc   __dtors_ptr
0000c6be   _SD_Stat
0000c6c0   _SDCardInfo
0000c700   _response
0000c701   _data_manipulation
0000c702   _high_capacity
0000c703   _crc_enabled
0000c704   _card_status
0000c706   _ocr_contents
0000c70b   _csd_contents
0000c71b   _cid_contents
0000c72c   _PieVectTableInit
0033fff8   _CsmPwl
ffffffff   ___binit__
ffffffff   ___c_args__
ffffffff   ___pinit__
ffffffff   binit
ffffffff   pinit

[250 symbols]
