******************************************************************************
        TMS320C2000 COFF Linker PC v5.0.0                      
******************************************************************************
>> Linked Mon Jul 15 10:10:03 2013

OUTPUT FILE NAME:   <./Debug/LCD.out>
ENTRY POINT SYMBOL: "_c_int00"  address: 00008000


MEMORY CONFIGURATION

         name            origin    length      used     unused   attr    fill
----------------------  --------  ---------  --------  --------  ----  --------
PAGE 0:
  BEGIN                 00000000   00000002  00000002  00000000  RWIX
  BOOT_RSVD             00000002   0000004e  00000000  0000004e  RWIX
  RAMM0                 00000050   000003b0  00000000  000003b0  RWIX
  RAML                  00008000   00004000  00000c23  000033dd  RWIX
  ZONE7A                00200000   0000fc00  00000000  0000fc00  RWIX
  CSM_RSVD              0033ff80   00000076  00000000  00000076  RWIX
  CSM_PWL               0033fff8   00000008  00000000  00000008  RWIX
  ADC_CAL               00380080   00000009  00000007  00000002  RWIX
  IQTABLES              003fe000   00000b50  00000000  00000b50  RWIX
  IQTABLES2             003feb50   0000008c  00000000  0000008c  RWIX
  FPUTABLES             003febdc   000006a0  00000000  000006a0  RWIX
  BOOTROM               003ff27c   00000d44  00000000  00000d44  RWIX
  RESET                 003fffc0   00000002  00000000  00000002  RWIX

PAGE 1:
  RAMM                  00000400   00000400  000003e8  00000018  RWIX
  DEV_EMU               00000880   00000180  000000d0  000000b0  RWIX
  FLASH_REGS            00000a80   00000060  00000008  00000058  RWIX
  CSM                   00000ae0   00000010  00000010  00000000  RWIX
  ADC_MIRROR            00000b00   00000010  00000010  00000000  RWIX
  XINTF                 00000b20   00000020  0000001e  00000002  RWIX
  CPU_TIMER0            00000c00   00000008  00000008  00000000  RWIX
  CPU_TIMER1            00000c08   00000008  00000008  00000000  RWIX
  CPU_TIMER2            00000c10   00000008  00000008  00000000  RWIX
  PIE_CTRL              00000ce0   00000020  0000001a  00000006  RWIX
  PIE_VECT              00000d00   00000100  00000100  00000000  RWIX
  DMA                   00001000   00000200  000000e0  00000120  RWIX
  MCBSPA                00005000   00000040  00000025  0000001b  RWIX
  MCBSPB                00005040   00000040  00000025  0000001b  RWIX
  ECANA                 00006000   00000040  00000034  0000000c  RWIX
  ECANA_LAM             00006040   00000040  00000040  00000000  RWIX
  ECANA_MOTS            00006080   00000040  00000040  00000000  RWIX
  ECANA_MOTO            000060c0   00000040  00000040  00000000  RWIX
  ECANA_MBOX            00006100   00000100  00000100  00000000  RWIX
  ECANB                 00006200   00000040  00000034  0000000c  RWIX
  ECANB_LAM             00006240   00000040  00000040  00000000  RWIX
  ECANB_MOTS            00006280   00000040  00000040  00000000  RWIX
  ECANB_MOTO            000062c0   00000040  00000040  00000000  RWIX
  ECANB_MBOX            00006300   00000100  00000100  00000000  RWIX
  EPWM1                 00006800   00000022  00000022  00000000  RWIX
  EPWM2                 00006840   00000022  00000022  00000000  RWIX
  EPWM3                 00006880   00000022  00000022  00000000  RWIX
  EPWM4                 000068c0   00000022  00000022  00000000  RWIX
  EPWM5                 00006900   00000022  00000022  00000000  RWIX
  EPWM6                 00006940   00000022  00000022  00000000  RWIX
  ECAP1                 00006a00   00000020  00000020  00000000  RWIX
  ECAP2                 00006a20   00000020  00000020  00000000  RWIX
  ECAP3                 00006a40   00000020  00000020  00000000  RWIX
  ECAP4                 00006a60   00000020  00000020  00000000  RWIX
  ECAP5                 00006a80   00000020  00000020  00000000  RWIX
  ECAP6                 00006aa0   00000020  00000020  00000000  RWIX
  EQEP1                 00006b00   00000040  00000040  00000000  RWIX
  EQEP2                 00006b40   00000040  00000040  00000000  RWIX
  GPIOCTRL              00006f80   00000040  0000002e  00000012  RWIX
  GPIODAT               00006fc0   00000020  00000020  00000000  RWIX
  GPIOINT               00006fe0   00000020  0000000a  00000016  RWIX
  SYSTEM                00007010   00000020  00000020  00000000  RWIX
  SPIA                  00007040   00000010  00000010  00000000  RWIX
  SCIA                  00007050   00000010  00000010  00000000  RWIX
  XINTRUPT              00007070   00000010  00000010  00000000  RWIX
  ADC                   00007100   00000020  0000001e  00000002  RWIX
  SCIB                  00007750   00000010  00000010  00000000  RWIX
  SCIC                  00007770   00000010  00000010  00000000  RWIX
  I2CA                  00007900   00000040  00000022  0000001e  RWIX
  RAMH                  0000c000   00004000  000001ba  00003e46  RWIX
  ZONE7B                0020fc00   00000400  00000000  00000400  RWIX
  CSM_PWL               0033fff8   00000008  00000008  00000000  RWIX


SECTION ALLOCATION MAP

 output                                  attributes/
section   page    origin      length       input sections
--------  ----  ----------  ----------   ----------------
.data      0    00000000    00000000     UNINITIALIZED

codestart 
*          0    00000000    00000002     
                  00000000    00000002     DSP2833x_CodeStartBranch.obj (codestart)

.pinit     0    00008000    00000000     UNINITIALIZED

.switch    0    00008000    00000000     UNINITIALIZED

IQmath     0    00008000    00000000     UNINITIALIZED

.text      0    00008000    00000bde     
                  00008000    00000046     rts2800_fpu32.lib : boot.obj (.text)
                  00008046    00000018                       : exit.obj (.text)
                  0000805e    00000009                       : _lock.obj (.text)
                  00008067    00000015                       : args_main.obj (.text)
                  0000807c    00000008     DSP2833x_CodeStartBranch.obj (.text)
                  00008084    00000093     DSP2833x_CpuTimers.obj (.text)
                  00008117    00000323     DSP2833x_DefaultIsr.obj (.text)
                  0000843a    0000002a     DSP2833x_PieCtrl.obj (.text)
                  00008464    00000022     DSP2833x_PieVect.obj (.text)
                  00008486    0000004b     DSP2833x_Sci.obj (.text)
                  000084d1    0000014f     DSP2833x_SysCtrl.obj (.text)
                  00008620    00000200     DSP2833x_Xintf.obj (.text)
                  00008820    0000039d     main.obj (.text)
                  00008bbd    00000021     rts2800_fpu32.lib : memcpy_ff.obj (.text)

ramfuncs   0    00008bde    00000027     
                  00008bde    00000023     DSP2833x_SysCtrl.obj (ramfuncs)
                  00008c01    00000004     DSP2833x_usDelay.obj (ramfuncs)

.cinit     0    00008c05    0000001e     
                  00008c05    0000000a     rts2800_fpu32.lib : exit.obj (.cinit)
                  00008c0f    0000000a                       : _lock.obj (.cinit)
                  00008c19    00000009     main.obj (.cinit)
                  00008c22    00000001     --HOLE-- [fill = 0]

csm_rsvd   0    0033ff80    00000000     DSECT

csmpasswds 
*          0    0033fff8    00000000     DSECT

.adc_cal   0    00380080    00000007     NOLOAD SECTION
                  00380080    00000007     DSP2833x_ADC_cal.obj (.adc_cal)

IQmathTables 
*          0    003fe000    00000000     NOLOAD SECTION

IQmathTables2 
*          0    003feb50    00000000     NOLOAD SECTION

FPUmathTables 
*          0    003febdc    00000000     NOLOAD SECTION

.reset     0    003fffc0    00000002     DSECT
                  003fffc0    00000002     rts2800_fpu32.lib : boot.obj (.reset)

.bss       1    00000000    00000000     UNINITIALIZED

.esysmem   1    00000400    00000000     UNINITIALIZED

.stack     1    00000400    000003e8     UNINITIALIZED

DevEmuRegsFile 
*          1    00000880    000000d0     UNINITIALIZED
                  00000880    000000d0     DSP2833x_GlobalVariableDefs.obj (DevEmuRegsFile)

FlashRegsFile 
*          1    00000a80    00000008     UNINITIALIZED
                  00000a80    00000008     DSP2833x_GlobalVariableDefs.obj (FlashRegsFile)

CsmRegsFile 
*          1    00000ae0    00000010     UNINITIALIZED
                  00000ae0    00000010     DSP2833x_GlobalVariableDefs.obj (CsmRegsFile)

AdcMirrorFile 
*          1    00000b00    00000010     UNINITIALIZED
                  00000b00    00000010     DSP2833x_GlobalVariableDefs.obj (AdcMirrorFile)

XintfRegsFile 
*          1    00000b20    0000001e     UNINITIALIZED
                  00000b20    0000001e     DSP2833x_GlobalVariableDefs.obj (XintfRegsFile)

CpuTimer0RegsFile 
*          1    00000c00    00000008     UNINITIALIZED
                  00000c00    00000008     DSP2833x_GlobalVariableDefs.obj (CpuTimer0RegsFile)

CpuTimer1RegsFile 
*          1    00000c08    00000008     UNINITIALIZED
                  00000c08    00000008     DSP2833x_GlobalVariableDefs.obj (CpuTimer1RegsFile)

CpuTimer2RegsFile 
*          1    00000c10    00000008     UNINITIALIZED
                  00000c10    00000008     DSP2833x_GlobalVariableDefs.obj (CpuTimer2RegsFile)

PieCtrlRegsFile 
*          1    00000ce0    0000001a     UNINITIALIZED
                  00000ce0    0000001a     DSP2833x_GlobalVariableDefs.obj (PieCtrlRegsFile)

PieVectTableFile 
*          1    00000d00    00000100     UNINITIALIZED
                  00000d00    00000100     DSP2833x_GlobalVariableDefs.obj (PieVectTableFile)

DmaRegsFile 
*          1    00001000    000000e0     UNINITIALIZED
                  00001000    000000e0     DSP2833x_GlobalVariableDefs.obj (DmaRegsFile)

McbspaRegsFile 
*          1    00005000    00000025     UNINITIALIZED
                  00005000    00000025     DSP2833x_GlobalVariableDefs.obj (McbspaRegsFile)

McbspbRegsFile 
*          1    00005040    00000025     UNINITIALIZED
                  00005040    00000025     DSP2833x_GlobalVariableDefs.obj (McbspbRegsFile)

ECanaRegsFile 
*          1    00006000    00000034     UNINITIALIZED
                  00006000    00000034     DSP2833x_GlobalVariableDefs.obj (ECanaRegsFile)

ECanaLAMRegsFile 
*          1    00006040    00000040     UNINITIALIZED
                  00006040    00000040     DSP2833x_GlobalVariableDefs.obj (ECanaLAMRegsFile)

ECanaMOTSRegsFile 
*          1    00006080    00000040     UNINITIALIZED
                  00006080    00000040     DSP2833x_GlobalVariableDefs.obj (ECanaMOTSRegsFile)

ECanaMOTORegsFile 
*          1    000060c0    00000040     UNINITIALIZED
                  000060c0    00000040     DSP2833x_GlobalVariableDefs.obj (ECanaMOTORegsFile)

ECanaMboxesFile 
*          1    00006100    00000100     UNINITIALIZED
                  00006100    00000100     DSP2833x_GlobalVariableDefs.obj (ECanaMboxesFile)

ECanbRegsFile 
*          1    00006200    00000034     UNINITIALIZED
                  00006200    00000034     DSP2833x_GlobalVariableDefs.obj (ECanbRegsFile)

ECanbLAMRegsFile 
*          1    00006240    00000040     UNINITIALIZED
                  00006240    00000040     DSP2833x_GlobalVariableDefs.obj (ECanbLAMRegsFile)

ECanbMOTSRegsFile 
*          1    00006280    00000040     UNINITIALIZED
                  00006280    00000040     DSP2833x_GlobalVariableDefs.obj (ECanbMOTSRegsFile)

ECanbMOTORegsFile 
*          1    000062c0    00000040     UNINITIALIZED
                  000062c0    00000040     DSP2833x_GlobalVariableDefs.obj (ECanbMOTORegsFile)

ECanbMboxesFile 
*          1    00006300    00000100     UNINITIALIZED
                  00006300    00000100     DSP2833x_GlobalVariableDefs.obj (ECanbMboxesFile)

EPwm1RegsFile 
*          1    00006800    00000022     UNINITIALIZED
                  00006800    00000022     DSP2833x_GlobalVariableDefs.obj (EPwm1RegsFile)

EPwm2RegsFile 
*          1    00006840    00000022     UNINITIALIZED
                  00006840    00000022     DSP2833x_GlobalVariableDefs.obj (EPwm2RegsFile)

EPwm3RegsFile 
*          1    00006880    00000022     UNINITIALIZED
                  00006880    00000022     DSP2833x_GlobalVariableDefs.obj (EPwm3RegsFile)

EPwm4RegsFile 
*          1    000068c0    00000022     UNINITIALIZED
                  000068c0    00000022     DSP2833x_GlobalVariableDefs.obj (EPwm4RegsFile)

EPwm5RegsFile 
*          1    00006900    00000022     UNINITIALIZED
                  00006900    00000022     DSP2833x_GlobalVariableDefs.obj (EPwm5RegsFile)

EPwm6RegsFile 
*          1    00006940    00000022     UNINITIALIZED
                  00006940    00000022     DSP2833x_GlobalVariableDefs.obj (EPwm6RegsFile)

ECap1RegsFile 
*          1    00006a00    00000020     UNINITIALIZED
                  00006a00    00000020     DSP2833x_GlobalVariableDefs.obj (ECap1RegsFile)

ECap2RegsFile 
*          1    00006a20    00000020     UNINITIALIZED
                  00006a20    00000020     DSP2833x_GlobalVariableDefs.obj (ECap2RegsFile)

ECap3RegsFile 
*          1    00006a40    00000020     UNINITIALIZED
                  00006a40    00000020     DSP2833x_GlobalVariableDefs.obj (ECap3RegsFile)

ECap4RegsFile 
*          1    00006a60    00000020     UNINITIALIZED
                  00006a60    00000020     DSP2833x_GlobalVariableDefs.obj (ECap4RegsFile)

ECap5RegsFile 
*          1    00006a80    00000020     UNINITIALIZED
                  00006a80    00000020     DSP2833x_GlobalVariableDefs.obj (ECap5RegsFile)

ECap6RegsFile 
*          1    00006aa0    00000020     UNINITIALIZED
                  00006aa0    00000020     DSP2833x_GlobalVariableDefs.obj (ECap6RegsFile)

EQep1RegsFile 
*          1    00006b00    00000040     UNINITIALIZED
                  00006b00    00000040     DSP2833x_GlobalVariableDefs.obj (EQep1RegsFile)

EQep2RegsFile 
*          1    00006b40    00000040     UNINITIALIZED
                  00006b40    00000040     DSP2833x_GlobalVariableDefs.obj (EQep2RegsFile)

GpioCtrlRegsFile 
*          1    00006f80    0000002e     UNINITIALIZED
                  00006f80    0000002e     DSP2833x_GlobalVariableDefs.obj (GpioCtrlRegsFile)

GpioDataRegsFile 
*          1    00006fc0    00000020     UNINITIALIZED
                  00006fc0    00000020     DSP2833x_GlobalVariableDefs.obj (GpioDataRegsFile)

GpioIntRegsFile 
*          1    00006fe0    0000000a     UNINITIALIZED
                  00006fe0    0000000a     DSP2833x_GlobalVariableDefs.obj (GpioIntRegsFile)

SysCtrlRegsFile 
*          1    00007010    00000020     UNINITIALIZED
                  00007010    00000020     DSP2833x_GlobalVariableDefs.obj (SysCtrlRegsFile)

SpiaRegsFile 
*          1    00007040    00000010     UNINITIALIZED
                  00007040    00000010     DSP2833x_GlobalVariableDefs.obj (SpiaRegsFile)

SciaRegsFile 
*          1    00007050    00000010     UNINITIALIZED
                  00007050    00000010     DSP2833x_GlobalVariableDefs.obj (SciaRegsFile)

XIntruptRegsFile 
*          1    00007070    00000010     UNINITIALIZED
                  00007070    00000010     DSP2833x_GlobalVariableDefs.obj (XIntruptRegsFile)

AdcRegsFile 
*          1    00007100    0000001e     UNINITIALIZED
                  00007100    0000001e     DSP2833x_GlobalVariableDefs.obj (AdcRegsFile)

ScibRegsFile 
*          1    00007750    00000010     UNINITIALIZED
                  00007750    00000010     DSP2833x_GlobalVariableDefs.obj (ScibRegsFile)

ScicRegsFile 
*          1    00007770    00000010     UNINITIALIZED
                  00007770    00000010     DSP2833x_GlobalVariableDefs.obj (ScicRegsFile)

I2caRegsFile 
*          1    00007900    00000022     UNINITIALIZED
                  00007900    00000022     DSP2833x_GlobalVariableDefs.obj (I2caRegsFile)

.econst    1    0000c000    00000196     
                  0000c000    00000100     DSP2833x_PieVect.obj (.econst)
                  0000c100    00000081     main.obj (.econst)
                  0000c181    00000001     --HOLE-- [fill = 0]
                  0000c182    00000014     main.obj (.econst:_$P$T0$1)

.ebss      1    0000c196    00000024     UNINITIALIZED
                  0000c196    00000018     DSP2833x_CpuTimers.obj (.ebss)
                  0000c1ae    00000004     rts2800_fpu32.lib : _lock.obj (.ebss)
                  0000c1b2    00000004                       : exit.obj (.ebss)
                  0000c1b6    00000004     main.obj (.ebss)

ZONE7DATA 
*          1    0020fc00    00000000     UNINITIALIZED

CsmPwlFile 
*          1    0033fff8    00000008     UNINITIALIZED
                  0033fff8    00000008     DSP2833x_GlobalVariableDefs.obj (CsmPwlFile)


GLOBAL SYMBOLS: SORTED ALPHABETICALLY BY Name 

address    name
--------   ----
00000000   .bss
00000000   .data
00008000   .text
00008046   C$$EXIT
000081fd   _ADCINT_ISR
00380080   _ADC_cal
00000b00   _AdcMirror
00007100   _AdcRegs
000080d0   _ConfigCpuTimer
00008985   _ConfigIO
000088f0   _ConfigLCD
0000c1a6   _CpuTimer0
00000c00   _CpuTimer0Regs
0000c196   _CpuTimer1
00000c08   _CpuTimer1Regs
0000c19e   _CpuTimer2
00000c10   _CpuTimer2Regs
0033fff8   _CsmPwl
00000ae0   _CsmRegs
000085ef   _CsmUnlock
0000812b   _DATALOG_ISR
0000831f   _DINTCH1_ISR
00008329   _DINTCH2_ISR
00008333   _DINTCH3_ISR
0000833d   _DINTCH4_ISR
00008347   _DINTCH5_ISR
00008351   _DINTCH6_ISR
00008c01   _DSP28x_usDelay
00000880   _DevEmuRegs
00008923   _DisDec
000084e4   _DisableDog
00001000   _DmaRegs
000083ab   _ECAN0INTA_ISR
000083bf   _ECAN0INTB_ISR
000083b5   _ECAN1INTA_ISR
000083c9   _ECAN1INTB_ISR
00008293   _ECAP1_INT_ISR
0000829d   _ECAP2_INT_ISR
000082a7   _ECAP3_INT_ISR
000082b1   _ECAP4_INT_ISR
000082bb   _ECAP5_INT_ISR
000082c5   _ECAP6_INT_ISR
00006040   _ECanaLAMRegs
000060c0   _ECanaMOTORegs
00006080   _ECanaMOTSRegs
00006100   _ECanaMboxes
00006000   _ECanaRegs
00006240   _ECanbLAMRegs
000062c0   _ECanbMOTORegs
00006280   _ECanbMOTSRegs
00006300   _ECanbMboxes
00006200   _ECanbRegs
00006a00   _ECap1Regs
00006a20   _ECap2Regs
00006a40   _ECap3Regs
00006a60   _ECap4Regs
00006a80   _ECap5Regs
00006aa0   _ECap6Regs
00008419   _EMPTY_ISR
0000813f   _EMUINT_ISR
00008257   _EPWM1_INT_ISR
0000821b   _EPWM1_TZINT_ISR
00008261   _EPWM2_INT_ISR
00008225   _EPWM2_TZINT_ISR
0000826b   _EPWM3_INT_ISR
0000822f   _EPWM3_TZINT_ISR
00008275   _EPWM4_INT_ISR
00008239   _EPWM4_TZINT_ISR
0000827f   _EPWM5_INT_ISR
00008243   _EPWM5_TZINT_ISR
00008289   _EPWM6_INT_ISR
0000824d   _EPWM6_TZINT_ISR
00006800   _EPwm1Regs
00006840   _EPwm2Regs
00006880   _EPwm3Regs
000068c0   _EPwm4Regs
00006900   _EPwm5Regs
00006940   _EPwm6Regs
000082cf   _EQEP1_INT_ISR
000082d9   _EQEP2_INT_ISR
00006b00   _EQep1Regs
00006b40   _EQep2Regs
00008459   _EnableInterrupts
00000a80   _FlashRegs
00006f80   _GpioCtrlRegs
00006fc0   _GpioDataRegs
00006fe0   _GpioIntRegs
0000835b   _I2CINT1A_ISR
00008365   _I2CINT2A_ISR
00007900   _I2caRegs
00008153   _ILLEGAL_ISR
00008117   _INT13_ISR
00008121   _INT14_ISR
00008084   _InitCpuTimers
00008bde   _InitFlash
0000853f   _InitPeripheralClocks
0000843a   _InitPieCtrl
00008464   _InitPieVectTable
000084ec   _InitPll
00008486   _InitSci
00008487   _InitSciGpio
0000848a   _InitSciaGpio
000084a2   _InitScibGpio
000084b8   _InitScicGpio
000084d1   _InitSysCtrl
00008620   _InitXintf
0000875d   _InitXintf16Gpio
000086c6   _InitXintf32Gpio
000088d3   _LCDInit
0000886d   _LCD_DATA
0000840f   _LUF_ISR
00008405   _LVF_ISR
0000830b   _MRINTA_ISR
000082f7   _MRINTB_ISR
00008315   _MXINTA_ISR
00008301   _MXINTB_ISR
00005000   _McbspaRegs
00005040   _McbspbRegs
00008149   _NMI_ISR
00008426   _PIE_RESERVED
00000ce0   _PieCtrlRegs
00000d00   _PieVectTable
0000c000   _PieVectTableInit
00008135   _RTOSINT_ISR
0000898f   _Read_SIG
00008383   _SCIRXINTA_ISR
00008397   _SCIRXINTB_ISR
0000836f   _SCIRXINTC_ISR
0000838d   _SCITXINTA_ISR
000083a1   _SCITXINTB_ISR
00008379   _SCITXINTC_ISR
000081d5   _SEQ1INT_ISR
000081df   _SEQ2INT_ISR
000082e3   _SPIRXINTA_ISR
000082ed   _SPITXINTA_ISR
00007050   _SciaRegs
00007750   _ScibRegs
00007770   _ScicRegs
000084da   _ServiceDog
00007040   _SpiaRegs
00007010   _SysCtrlRegs
00008207   _TINT0_ISR
000081b7   _USER10_ISR
000081c1   _USER11_ISR
000081cb   _USER12_ISR
0000815d   _USER1_ISR
00008167   _USER2_ISR
00008171   _USER3_ISR
0000817b   _USER4_ISR
00008185   _USER5_ISR
0000818f   _USER6_ISR
00008199   _USER7_ISR
000081a3   _USER8_ISR
000081ad   _USER9_ISR
00008211   _WAKEINT_ISR
000088af   _Write_data
0000888d   _Write_order
000081e9   _XINT1_ISR
000081f3   _XINT2_ISR
000083d3   _XINT3_ISR
000083dd   _XINT4_ISR
000083e7   _XINT5_ISR
000083f1   _XINT6_ISR
000083fb   _XINT7_ISR
00007070   _XIntruptRegs
00000b20   _XintfRegs
000003e8   __STACK_SIZE
ffffffff   ___TI_pprof_out_hndl
ffffffff   ___TI_prof_var_size
ffffffff   ___TI_prof_var_start
ffffffff   ___binit__
00000000   ___bss__
ffffffff   ___c_args__
00008c05   ___cinit__
00000000   ___data__
00000000   ___edata__
00000000   ___end__
00008bde   ___etext__
00008bbd   ___memcpy_ff
ffffffff   ___pinit__
00008000   ___text__
00008067   __args_main
0000c1b2   __cleanup_ptr
0000c1b4   __dtors_ptr
0000c1b0   __lock
00008066   __nop
00008062   __register_lock
0000805e   __register_unlock
00000400   __stack
0000c1ae   __unlock
00008046   _abort
00008000   _c_int00
00008858   _delay
00008911   _display
00008048   _exit
00008a2b   _main
00008430   _rsvd_ISR
00008820   _scib_echoback_init
00008843   _scib_msg
00008837   _scib_xmit
ffffffff   binit
00008c05   cinit
00000000   code_start
00000000   edata
00000000   end
00008bde   etext
ffffffff   pinit


GLOBAL SYMBOLS: SORTED BY Symbol Address 

address    name
--------   ----
00000000   .bss
00000000   .data
00000000   ___bss__
00000000   ___data__
00000000   ___edata__
00000000   ___end__
00000000   code_start
00000000   edata
00000000   end
000003e8   __STACK_SIZE
00000400   __stack
00000880   _DevEmuRegs
00000a80   _FlashRegs
00000ae0   _CsmRegs
00000b00   _AdcMirror
00000b20   _XintfRegs
00000c00   _CpuTimer0Regs
00000c08   _CpuTimer1Regs
00000c10   _CpuTimer2Regs
00000ce0   _PieCtrlRegs
00000d00   _PieVectTable
00001000   _DmaRegs
00005000   _McbspaRegs
00005040   _McbspbRegs
00006000   _ECanaRegs
00006040   _ECanaLAMRegs
00006080   _ECanaMOTSRegs
000060c0   _ECanaMOTORegs
00006100   _ECanaMboxes
00006200   _ECanbRegs
00006240   _ECanbLAMRegs
00006280   _ECanbMOTSRegs
000062c0   _ECanbMOTORegs
00006300   _ECanbMboxes
00006800   _EPwm1Regs
00006840   _EPwm2Regs
00006880   _EPwm3Regs
000068c0   _EPwm4Regs
00006900   _EPwm5Regs
00006940   _EPwm6Regs
00006a00   _ECap1Regs
00006a20   _ECap2Regs
00006a40   _ECap3Regs
00006a60   _ECap4Regs
00006a80   _ECap5Regs
00006aa0   _ECap6Regs
00006b00   _EQep1Regs
00006b40   _EQep2Regs
00006f80   _GpioCtrlRegs
00006fc0   _GpioDataRegs
00006fe0   _GpioIntRegs
00007010   _SysCtrlRegs
00007040   _SpiaRegs
00007050   _SciaRegs
00007070   _XIntruptRegs
00007100   _AdcRegs
00007750   _ScibRegs
00007770   _ScicRegs
00007900   _I2caRegs
00008000   .text
00008000   ___text__
00008000   _c_int00
00008046   C$$EXIT
00008046   _abort
00008048   _exit
0000805e   __register_unlock
00008062   __register_lock
00008066   __nop
00008067   __args_main
00008084   _InitCpuTimers
000080d0   _ConfigCpuTimer
00008117   _INT13_ISR
00008121   _INT14_ISR
0000812b   _DATALOG_ISR
00008135   _RTOSINT_ISR
0000813f   _EMUINT_ISR
00008149   _NMI_ISR
00008153   _ILLEGAL_ISR
0000815d   _USER1_ISR
00008167   _USER2_ISR
00008171   _USER3_ISR
0000817b   _USER4_ISR
00008185   _USER5_ISR
0000818f   _USER6_ISR
00008199   _USER7_ISR
000081a3   _USER8_ISR
000081ad   _USER9_ISR
000081b7   _USER10_ISR
000081c1   _USER11_ISR
000081cb   _USER12_ISR
000081d5   _SEQ1INT_ISR
000081df   _SEQ2INT_ISR
000081e9   _XINT1_ISR
000081f3   _XINT2_ISR
000081fd   _ADCINT_ISR
00008207   _TINT0_ISR
00008211   _WAKEINT_ISR
0000821b   _EPWM1_TZINT_ISR
00008225   _EPWM2_TZINT_ISR
0000822f   _EPWM3_TZINT_ISR
00008239   _EPWM4_TZINT_ISR
00008243   _EPWM5_TZINT_ISR
0000824d   _EPWM6_TZINT_ISR
00008257   _EPWM1_INT_ISR
00008261   _EPWM2_INT_ISR
0000826b   _EPWM3_INT_ISR
00008275   _EPWM4_INT_ISR
0000827f   _EPWM5_INT_ISR
00008289   _EPWM6_INT_ISR
00008293   _ECAP1_INT_ISR
0000829d   _ECAP2_INT_ISR
000082a7   _ECAP3_INT_ISR
000082b1   _ECAP4_INT_ISR
000082bb   _ECAP5_INT_ISR
000082c5   _ECAP6_INT_ISR
000082cf   _EQEP1_INT_ISR
000082d9   _EQEP2_INT_ISR
000082e3   _SPIRXINTA_ISR
000082ed   _SPITXINTA_ISR
000082f7   _MRINTB_ISR
00008301   _MXINTB_ISR
0000830b   _MRINTA_ISR
00008315   _MXINTA_ISR
0000831f   _DINTCH1_ISR
00008329   _DINTCH2_ISR
00008333   _DINTCH3_ISR
0000833d   _DINTCH4_ISR
00008347   _DINTCH5_ISR
00008351   _DINTCH6_ISR
0000835b   _I2CINT1A_ISR
00008365   _I2CINT2A_ISR
0000836f   _SCIRXINTC_ISR
00008379   _SCITXINTC_ISR
00008383   _SCIRXINTA_ISR
0000838d   _SCITXINTA_ISR
00008397   _SCIRXINTB_ISR
000083a1   _SCITXINTB_ISR
000083ab   _ECAN0INTA_ISR
000083b5   _ECAN1INTA_ISR
000083bf   _ECAN0INTB_ISR
000083c9   _ECAN1INTB_ISR
000083d3   _XINT3_ISR
000083dd   _XINT4_ISR
000083e7   _XINT5_ISR
000083f1   _XINT6_ISR
000083fb   _XINT7_ISR
00008405   _LVF_ISR
0000840f   _LUF_ISR
00008419   _EMPTY_ISR
00008426   _PIE_RESERVED
00008430   _rsvd_ISR
0000843a   _InitPieCtrl
00008459   _EnableInterrupts
00008464   _InitPieVectTable
00008486   _InitSci
00008487   _InitSciGpio
0000848a   _InitSciaGpio
000084a2   _InitScibGpio
000084b8   _InitScicGpio
000084d1   _InitSysCtrl
000084da   _ServiceDog
000084e4   _DisableDog
000084ec   _InitPll
0000853f   _InitPeripheralClocks
000085ef   _CsmUnlock
00008620   _InitXintf
000086c6   _InitXintf32Gpio
0000875d   _InitXintf16Gpio
00008820   _scib_echoback_init
00008837   _scib_xmit
00008843   _scib_msg
00008858   _delay
0000886d   _LCD_DATA
0000888d   _Write_order
000088af   _Write_data
000088d3   _LCDInit
000088f0   _ConfigLCD
00008911   _display
00008923   _DisDec
00008985   _ConfigIO
0000898f   _Read_SIG
00008a2b   _main
00008bbd   ___memcpy_ff
00008bde   _InitFlash
00008bde   ___etext__
00008bde   etext
00008c01   _DSP28x_usDelay
00008c05   ___cinit__
00008c05   cinit
0000c000   _PieVectTableInit
0000c196   _CpuTimer1
0000c19e   _CpuTimer2
0000c1a6   _CpuTimer0
0000c1ae   __unlock
0000c1b0   __lock
0000c1b2   __cleanup_ptr
0000c1b4   __dtors_ptr
0033fff8   _CsmPwl
00380080   _ADC_cal
ffffffff   ___TI_pprof_out_hndl
ffffffff   ___TI_prof_var_size
ffffffff   ___TI_prof_var_start
ffffffff   ___binit__
ffffffff   ___c_args__
ffffffff   ___pinit__
ffffffff   binit
ffffffff   pinit

[207 symbols]
